******************************************************************************
              TMS320C55x Linker PC v4.4.1                      
******************************************************************************
>> Linked Wed Jan 11 14:50:52 2017

OUTPUT FILE NAME:   <DTMF Predajnik.out>
ENTRY POINT SYMBOL: "_c_int00"  address: 00028818


MEMORY CONFIGURATION

         name            origin    length      used     unused   attr    fill
                        (bytes)   (bytes)    (bytes)   (bytes)
----------------------  --------  ---------  --------  --------  ----  --------
PAGE 0:
  MMR                   00000000   000000c0  00000000  000000c0  RWIX
  DARAM0                000000c0   0000ff40  00007262  00008cde  RWIX
  SARAM0                00010000   00010000  00000000  00010000  RWIX
  SARAM1                00020000   00020000  0000897c  00017684  RWIX
  SARAM2                00040000   0000fe00  00000c06  0000f1fa  RWIX
  VECS                  0004fe00   00000200  00000200  00000000  RWIX
  PDROM                 00ff8000   00008000  00000000  00008000  R IX

PAGE 2:
  IOPORT                00000000   00020000  00000000  00020000  RWI 


SECTION ALLOCATION MAP
(Addresses surrounded by []'s are displayed for convenience only!)

output                                                          attributes/
section   page  orgn(bytes) orgn(words) len(bytes) len(words)   input sections
--------  ----  ----------- ----------- ---------- ----------   --------------
.pinit       0   [ 00040000 ]  00020000          *   00000000   UNINITIALIZED

.stack       0   [ 000000c0 ]  00000060          *   00001000   UNINITIALIZED
                 [ 000000c0 ]  00000060          *   00001000   --HOLE--

.data        0   [ 000000c0 ]  00000060          *   00000000   UNINITIALIZED

.sysstack 
*            0   [ 000020c0 ]  00001060          *   00000800   UNINITIALIZED
                 [ 000020c0 ]  00001060          *   00000800   --HOLE--

.sysmem      0   [ 000030c0 ]  00001860          *   00001000   UNINITIALIZED
                 [ 000030c0 ]  00001860          *   00001000   --HOLE--

.bss         0   [ 000050c0 ]  00002860          *   00000de9   UNINITIALIZED
                 [ 000050c0 ]  00002860          *   00000408   ezdsp5535_aic3204_dma.obj (.bss)
                 [ 000058d0 ]  00002c68          *   00000404   sine_table.obj (.bss)
                 [ 000060d8 ]  0000306c          *   00000292   main.obj (.bss)
                 [ 000065fc ]  000032fe          *   00000119   rts55x.lib : defs.obj (.bss)
                 [ 0000682e ]  00003417          *   000000d0              : trgdrv.obj (.bss)
                 [ 000069ce ]  000034e7          *   00000001   55xdspx_r3.lib : rand16i.obj (.bss)
                 [ 000069d0 ]  000034e8          *   00000084   cslVC5505.lib : csl_intc.obj (.bss)
                 [ 00006ad8 ]  0000356c          *   00000071   rts55x.lib : lowlev.obj (.bss)
                 [ 00006bba ]  000035dd          *   0000002a   cslVC5505.lib : csl_i2s.obj (.bss)
                 [ 00006c0e ]  00003607          *   00000001   rts55x.lib : errno.obj (.bss)
                 [ 00006c10 ]  00003608          *   00000012   cslVC5505.lib : csl_i2c.obj (.bss)
                 [ 00006c34 ]  0000361a          *   00000010   rts55x.lib : log.obj (.bss)
                 [ 00006c54 ]  0000362a          *   00000008   ezdsp5535bsl.lib : ezdsp5535_sar.obj (.bss)
                 [ 00006c64 ]  00003632          *   00000006   rts55x.lib : memory.obj (.bss)
                 [ 00006c70 ]  00003638          *   00000004   ezdsp5535bsl.lib : ezdsp5535_gpio.obj (.bss)
                 [ 00006c78 ]  0000363c          *   00000004   rts55x.lib : _lock.obj (.bss)
                 [ 00006c80 ]  00003640          *   00000004              : exit.obj (.bss)
                 [ 00006c88 ]  00003644          *   00000002   aic3204.obj (.bss)
                 [ 00006c8c ]  00003646          *   00000002   ezdsp5535bsl.lib : ezdsp5535_i2s.obj (.bss)
                 [ 00006c90 ]  00003648          *   00000001   rts55x.lib : fopen.obj (.bss)

.const       0   [ 00006c94 ]  0000364a          *   00000348   
                 [ 00006c94 ]  0000364a          *   00000174   aic3204_init.obj (.const:.string)
                 [ 00006f7c ]  000037be          *   00000101   rts55x.lib : ctype.obj (.const:__ctypes_)
                 [ 0000717e ]  000038bf          *   00000060   print_number.obj (.const:_consolas_8ptBitmaps)
                 [ 0000723e ]  0000391f          *   00000001   print_number.obj (.const)
                 [ 00007240 ]  00003920          *   00000024   rts55x.lib : _printfi.obj (.const:.string)
                 [ 00007288 ]  00003944          *   00000012   main.obj (.const:.string)
                 [ 000072ac ]  00003956          *   0000000c   rts55x.lib : _printfi.obj (.const)
                 [ 000072c4 ]  00003962          *   0000000a              : log.obj (.const)
                 [ 000072d8 ]  0000396c          *   00000008              : divd.obj (.const:_initial_approx$1)
                 [ 000072e8 ]  00003974          *   00000008   main.obj (.const)
                 [ 000072f8 ]  0000397c          *   00000008   rts55x.lib : frexp.obj (.const)
                 [ 00007308 ]  00003984          *   00000004   gen_sinus.obj (.const)
                 [ 00007310 ]  00003988          *   00000004   rts55x.lib : log10.obj (.const)
                 [ 00007318 ]  0000398c          *   00000002              : fputs.obj (.const:.string)
                 [ 0000731c ]  0000398e          *   00000002              : fltlid.obj (.const)
                 [ 00007320 ]  00003990          *   00000002              : fltuld.obj (.const)

.text        0     00020000  [ 00010000 ] 0000897c          *   
                   00020000  [ 00010000 ] 000015a4          *   rts55x.lib : _printfi.obj (.text)
                   000215a4  [ 00010ad2 ] 00000c3c          *   cslVC5505.lib : csl_i2c.obj (.text)
                   000221e0  [ 000110f0 ] 00000b18          *                 : csl_sar.obj (.text)
                   00022cf8  [ 0001167c ] 000009f3          *                 : csl_i2s.obj (.text)
                   000236eb  [ 00011b75+] 0000068d          *                 : csl_gpio.obj (.text)
                   00023d78  [ 00011ebc ] 000005b5          *   aic3204_init.obj (.text)
                   0002432d  [ 00012196+] 00000554          *   cslVC5505.lib : csl_intc.obj (.text)
                   00024881  [ 00012440+] 00000543          *   rts55x.lib : lowlev.obj (.text)
                   00024dc4  [ 000126e2 ] 00000528          *              : trgdrv.obj (.text)
                   000252ec  [ 00012976 ] 000004b5          *              : memory.obj (.text)
                   000257a1  [ 00012bd0+] 00000466          *   main.obj (.text)
                   00025c07  [ 00012e03+] 000003cc          *   rts55x.lib : divd.obj (.text)
                   00025fd3  [ 00012fe9+] 0000031b          *   ezdsp5535_aic3204_dma.obj (.text)
                   000262ee  [ 00013177 ] 000002d2          *   print_number.obj (.text)
                   000265c0  [ 000132e0 ] 0000027f          *   rts55x.lib : fopen.obj (.text)
                   0002683f  [ 0001341f+] 0000025e          *              : llmpy.obj (.text)
                   00026a9d  [ 0001354e+] 0000025a          *              : addd.obj (.text)
                   00026cf7  [ 0001367b+] 000001ea          *              : cmpd.obj (.text)
                   00026ee1  [ 00013770+] 00000192          *   ezdsp5535bsl.lib : ezdsp5535_lcd.obj (.text)
                   00027073  [ 00013839+] 0000017a          *                    : ezdsp5535_sar.obj (.text)
                   000271ed  [ 000138f6+] 00000163          *   rts55x.lib : fputs.obj (.text)
                   00027350  [ 000139a8 ] 00000161          *   gen_sinus.obj (.text)
                   000274b1  [ 00013a58+] 0000014c          *   rts55x.lib : mpyd.obj (.text)
                   000275fd  [ 00013afe+] 00000107          *   ezdsp5535bsl.lib : ezdsp5535_i2s.obj (.text)
                   00027704  [ 00013b82 ] 000000eb          *   rts55x.lib : log.obj (.text)
                   000277ef  [ 00013bf7+] 000000e6          *              : setvbuf.obj (.text)
                   000278d5  [ 00013c6a+] 000000dd          *              : _io_perm.obj (.text)
                   000279b2  [ 00013cd9 ] 000000cc          *   ezdsp5535_aic3204_dma.obj (.text:retain)
                   00027a7e  [ 00013d3f ] 000000cc          *   rts55x.lib : frexp.obj (.text)
                   00027b4a  [ 00013da5 ] 000000c3          *   aic3204.obj (.text)
                   00027c0d  [ 00013e06+] 000000c2          *   rts55x.lib : fflush.obj (.text)
                   00027ccf  [ 00013e67+] 000000ba          *              : trgmsg.obj (.text:CIO_breakpoint)
                   00027d89  [ 00013ec4+] 000000a6          *              : fputc.obj (.text)
                   00027e2f  [ 00013f17+] 000000a1          *              : divul.obj (.text)
                   00027ed0  [ 00013f68 ] 0000008e          *   ezdsp5535bsl.lib : ezdsp5535_i2c.obj (.text)
                   00027f5e  [ 00013faf ] 0000008c          *   cslVC5505.lib : csl_irqplug.obj (.text)
                   00027fea  [ 00013ff5 ] 00000087          *   ezdsp5535bsl.lib : ezdsp5535_gpio.obj (.text)
                   00028071  [ 00014038+] 0000007d          *   rts55x.lib : ltoa.obj (.text)
                   000280ee  [ 00014077 ] 0000007b          *              : fclose.obj (.text)
                   00028169  [ 000140b4+] 00000076          *              : frcmpyd.obj (.text)
                   000281df  [ 000140ef+] 00000073          *              : frcmpyd_div.obj (.text)
                   00028252  [ 00014129 ] 00000072          *              : remul.obj (.text)
                   000282c4  [ 00014162 ] 0000006f          *              : fixdli.obj (.text)
                   00028333  [ 00014199+] 0000006d          *   cslVC5505.lib : vectors.obj (.text)
                   000283a0  [ 000141d0 ] 0000006d          *   rts55x.lib : trgmsg.obj (.text)
                   0002840d  [ 00014206+] 0000006b          *              : fseek.obj (.text)
                   00028478  [ 0001423c ] 00000067          *              : fltlid.obj (.text)
                   000284df  [ 0001426f+] 0000005c          *              : atoi.obj (.text)
                   0002853b  [ 0001429d+] 0000005b          *              : fltuld.obj (.text)
                   00028596  [ 000142cb ] 00000054          *   ezdsp5535bsl.lib : ezdsp5535.obj (.text)
                   000285ea  [ 000142f5 ] 00000050          *   rts55x.lib : printf.obj (.text)
                   0002863a  [ 0001431d ] 0000004d          *              : autoinit.obj (.text)
                   00028687  [ 00014343+] 0000004b          *              : args_main.obj (.text)
                   000286d2  [ 00014369 ] 0000004b          *              : remli.obj (.text)
                   0002871d  [ 0001438e+] 00000048          *              : divli.obj (.text)
                   00028765  [ 000143b2+] 0000003f          *              : memcpy.obj (.text)
                   000287a4  [ 000143d2 ] 0000003e          *              : exit.obj (.text)
                   000287e2  [ 000143f1 ] 00000036          *   55xdspx_r3.lib : rand16.obj (.text)
                   00028818  [ 0001440c ] 00000034          *   rts55x.lib : boot.obj (.text)
                   0002884c  [ 00014426 ] 0000002e          *              : log10.obj (.text)
                   0002887a  [ 0001443d ] 0000002a          *              : fixdi.obj (.text)
                   000288a4  [ 00014452 ] 0000002a          *              : udiv.obj (.text)
                   000288ce  [ 00014467 ] 00000023          *              : memccpy.obj (.text)
                   000288f1  [ 00014478+] 0000001a          *              : isinf.obj (.text)
                   0002890b  [ 00014485+] 00000014          *              : subd.obj (.text)
                   0002891f  [ 0001448f+] 00000013          *              : lmpy.obj (.text)
                   00028932  [ 00014499 ] 00000012          *              : _lock.obj (.text)
                   00028944  [ 000144a2 ] 00000010          *              : negd.obj (.text)
                   00028954  [ 000144aa ] 0000000c          *              : fltid.obj (.text)
                   00028960  [ 000144b0 ] 0000000a          *              : remove.obj (.text)
                   0002896a  [ 000144b5 ] 00000008          *   55xdspx_r3.lib : rand16i.obj (.text)
                   00028972  [ 000144b9 ] 00000007          *   rts55x.lib : exit.obj (.text:CIO_breakpoint)
                   00028979  [ 000144bc+] 00000002          *              : vectors.obj (.text)
                   0002897b  [ 000144bd ] 00000001          *   --HOLE-- [fill = 20]

.cinit       0   [ 00040000 ]  00020000          *   000004bb   
                 [ 00040000 ]  00020000          *   00000409   sine_table.obj (.cinit)
                 [ 00040812 ]  00020409          *   0000002d   rts55x.lib : lowlev.obj (.cinit)
                 [ 0004086c ]  00020436          *   0000002a              : defs.obj (.cinit)
                 [ 000408c0 ]  00020460          *   00000013   main.obj (.cinit)
                 [ 000408e6 ]  00020473          *   00000013   rts55x.lib : log.obj (.cinit)
                 [ 0004090c ]  00020486          *   0000000c   ezdsp5535bsl.lib : ezdsp5535_sar.obj (.cinit)
                 [ 00040924 ]  00020492          *   0000000a   rts55x.lib : _lock.obj (.cinit)
                 [ 00040938 ]  0002049c          *   0000000a              : exit.obj (.cinit)
                 [ 0004094c ]  000204a6          *   00000008   cslVC5505.lib : csl_i2s.obj (.cinit)
                 [ 0004095c ]  000204ae          *   00000004   rts55x.lib : errno.obj (.cinit)
                 [ 00040964 ]  000204b2          *   00000004              : fopen.obj (.cinit)
                 [ 0004096c ]  000204b6          *   00000004              : memory.obj (.cinit)
                 [ 00040974 ]  000204ba          *   00000001   --HOLE-- [fill = 0]

.cio         0   [ 00040978 ]  000204bc          *   00000120   UNINITIALIZED
                 [ 00040978 ]  000204bc          *   00000120   rts55x.lib : trgmsg.obj (.cio)

.switch      0   [ 00040bb8 ]  000205dc          *   00000028   
                 [ 00040bb8 ]  000205dc          *   00000014   main.obj (.switch:_main)
                 [ 00040be0 ]  000205f0          *   00000014   print_number.obj (.switch:_printChar)

vectors      0     0004fe00  [ 00027f00 ] 00000200          *   
                   0004fe00  [ 00027f00 ] 00000100          *   cslVC5505.lib : vectors.obj (vectors)
                   0004ff00  [ 00027f80 ] 00000100          *   rts55x.lib : vectors.obj (vectors)


GLOBAL SYMBOLS: SORTED ALPHABETICALLY BY Name 

abs. value/
byte addr   word addr   name
---------   ---------   ----
00000002                $TI_capability$C5500$CallingConvention
00000002                $TI_capability$C5500$MemoryModel
00000001                $TI_capability_requires_rev3
ffffffff                .bss
ffffffff                .data
ffffffff                .text
00028973                C$$EXIT
00027d84                C$$IO$$
0002891f                I$$LMPY
000288a4                I$$UDIV
000288b9                I$$UMOD
0004fe00                RST
00027b4a                _AIC3204_rget
00027b95                _AIC3204_rset
            00002868    _DMA_InputL
            00002968    _DMA_InputR
            00002a68    _DMA_OutputL
            00002b68    _DMA_OutputR
00028053                _EZDSP5535_GPIO_getInput
00027fea                _EZDSP5535_GPIO_init
00028015                _EZDSP5535_GPIO_setDirection
00028039                _EZDSP5535_GPIO_setOutput
00027ed0                _EZDSP5535_I2C_init
00027f36                _EZDSP5535_I2C_read
00027f05                _EZDSP5535_I2C_reset
00027f10                _EZDSP5535_I2C_write
000276f2                _EZDSP5535_I2S_close
000275fd                _EZDSP5535_I2S_init
00027656                _EZDSP5535_I2S_readLeft
000276b5                _EZDSP5535_I2S_readRight
00027688                _EZDSP5535_I2S_writeLeft
000276d6                _EZDSP5535_I2S_writeRight
00026f54                _EZDSP5535_OSD9616_init
00026f09                _EZDSP5535_OSD9616_multiSend
00027036                _EZDSP5535_OSD9616_printLetter
00026ee1                _EZDSP5535_OSD9616_send
00027139                _EZDSP5535_SAR_getKey
00027073                _EZDSP5535_SAR_init
000285dc                _EZDSP5535_init
00028596                _EZDSP5535_wait
000285ca                _EZDSP5535_waitusec
00023bd6                _GPIO_clearInt
0002372f                _GPIO_close
00023753                _GPIO_config
00023986                _GPIO_configBit
00023ace                _GPIO_disableInt
00023b4c                _GPIO_enableInt
000237d8                _GPIO_getConfig
000236eb                _GPIO_open
00023860                _GPIO_read
00023ce9                _GPIO_reset
00023c62                _GPIO_statusBit
000238e3                _GPIO_write
            00003638    _GpioObj
0002528e                _HOSTclock
00025223                _HOSTclose
0002516e                _HOSTlseek
000250cf                _HOSTopen
00025042                _HOSTread
00024f94                _HOSTrename
00024f36                _HOSTtime
00024ecc                _HOSTunlink
00024e3f                _HOSTwrite
0002164d                _I2C_config
00022018                _I2C_eventDisable
00021ee4                _I2C_eventEnable
000217b2                _I2C_getConfig
000221c4                _I2C_getEventId
000215a4                _I2C_init
00021cc6                _I2C_read
00022137                _I2C_setCallback
00021888                _I2C_setup
00021a82                _I2C_write
0002312d                _I2S_close
00022cf8                _I2S_open
000231df                _I2S_read
000235ef                _I2S_reset
00022e3f                _I2S_setup
000236a0                _I2S_transEnable
00023499                _I2S_write
000243c7                _IRQ_clear
00024431                _IRQ_clearAll
00024441                _IRQ_config
00024567                _IRQ_disable
000245e5                _IRQ_disableAll
000245f3                _IRQ_enable
000246ed                _IRQ_getArg
000244d4                _IRQ_getConfig
0002483b                _IRQ_globalDisable
00024854                _IRQ_globalEnable
0002486d                _IRQ_globalRestore
0002432d                _IRQ_init
00024766                _IRQ_map
00027f5e                _IRQ_plug
0002467d                _IRQ_restore
00024733                _IRQ_setArg
00024798                _IRQ_setVecs
000247c9                _IRQ_test
            0000306c    _OutputBuffer
0004ff00                _Reset
00022763                _SAR_A2DMeasParamSet
00022bdd                _SAR_GPODirSet
000222da                _SAR_chanClose
0002235e                _SAR_chanConfig
0002265a                _SAR_chanCycSet
0002225d                _SAR_chanInit
00022278                _SAR_chanOpen
00022446                _SAR_chanSetup
0002223d                _SAR_deInit
000223d4                _SAR_getConfig
00022cb9                _SAR_getStatus
000221e0                _SAR_init
00022722                _SAR_readData
000226a9                _SAR_startConversion
000226db                _SAR_stopConversion
            0000362e    _SarHandle
            0000362a    _SarObj
0004fe00                _VECSTART
            000204bc    __CIOBUF_
000242d4                __I2S_init
            00001060    __STACK_END
00002000                __STACK_SIZE
00002000                __SYSMEM_SIZE
00001000                __SYSSTACK_SIZE
00000001                __TI_args_main
ffffffff                ___binit__
ffffffff                ___bss__
ffffffff                ___c_args__
            00020000    ___cinit__
ffffffff                ___data__
ffffffff                ___edata__
ffffffff                ___end__
ffffffff                ___etext__
000288f1                ___isinf
ffffffff                ___pinit__
ffffffff                ___text__
00026a9d                __addd
00028687                __args_main
000266e1                __cleanup
            00003640    __cleanup_ptr
00026e89                __cmpd
            000037be    __ctypes_
00025c07                __divd
0002871d                __divli
00026a68                __divlli
000288a4                __divu
00027e2f                __divul
00026974                __divull
00027c0d                __doflush
            00003642    __dtors_ptr
00026e55                __eqld
0002887a                __fixdi
000282c4                __fixdli
00028954                __fltid
00028478                __fltlid
0002853b                __fltuld
00028169                __frcmpyd
000281df                __frcmpyd_div
            00003416    __ft_end
            000032fe    __ftable
00026e0b                __geqd
00026dc0                __gtrd
00026d73                __leqd
            0000363c    __lock
00026d2b                __lssd
000274b1                __mpyd
0002891f                __mpyli
000268bc                __mpylli
00028944                __negd
00026cf7                __neqd
00028942                __nop
00021362                __printfi
00027955                __rd_ok
0002893a                __register_lock
00028932                __register_unlock
000286d2                __remli
0002688d                __remlli
000288b9                __remu
00028252                __remul
0002683f                __remull
            00000060    __stack
0002890b                __subd
            00001860    __sys_memory
            00001060    __sysstack
            00003376    __tmpnams
            0000363e    __unlock
000278d5                __wrt_ok
00028972                _abort
00024cd4                _add_device
00027be2                _aic3204_codec_read
00027bf9                _aic3204_codec_write
00027bd1                _aic3204_disable
00025fd3                _aic3204_dma_init
00027bbf                _aic3204_hardware_init
00023d78                _aic3204_init
0002615e                _aic3204_read_block
00026213                _aic3204_write_block
000284df                _atoi
0002863a                _auto_init
            000032ee    _buttons
00028818                _c_int00
0002577b                _calloc
00025773                _chkheap
0002638c                _clearLCD
00024c61                _close
            000038bf    _consolas_8ptBitmaps
            00003644    _counter1
            00003645    _counter2
            00003607    _errno
000287a4                _exit
            000032ec    _f1
            000032ed    _f2
000280ee                _fclose
00027c76                _fflush
00024c58                _find_registered_device
00026804                _fopen
00027d89                _fputc
000271ed                _fputs
000252ec                _free
0002571d                _free_memory
0002673b                _freopen
00027a7e                _frexp
            00003605    _fsError
0002840d                _fseek
            00003608    _gI2cObj
00027350                _gen_sinus_table
00024dc4                _getenv
            0000363a    _hGpio
            00003646    _hI2s
            00003618    _i2cHandle
000262ee                _initPrintNumber
            00003630    _keyCnt1
            00003631    _keyCnt2
00027704                _log
0002884c                _log10
00024bf2                _lseek
00028071                _ltoa
00025845                _main
0002541d                _malloc
000256c3                _max_free
000288ce                _memccpy
00028765                _memcpy
000253b8                _minit
            0000326c    _noise
00024b33                _open
            00003606    _ouError
            0000306a    _p_sine_table
            0000362d    _preKey
0002645a                _printChar
000285ea                _printf
00027d89                _putc
00027e20                _putchar
00027322                _puts
000287e2                _rand16
0002896a                _rand16init
00024a85                _read
000283a0                _readmsg
00025512                _realloc
00028960                _remove
00024a4f                _remove_device
000249f6                _rename
00026438                _setWritePointerToFirstChar
00023f69                _set_sampling_frequency_and_gain
000277ef                _setvbuf
            0000391f    _sign_width
            000030ec    _sineF1
            0000316c    _sineF2
            000031ec    _sineSum
            00002c68    _sine_table
000257a1                _snr
000249c3                _unlink
00024881                _write
00027ccf                _writemsg
ffffffff                binit
            00020000    cinit
ffffffff                edata
ffffffff                end
ffffffff                etext
ffffffff                pinit
            000034e7    rndseed


GLOBAL SYMBOLS: SORTED BY Symbol Address 

abs. value/
byte addr   word addr   name
---------   ---------   ----
00000001                $TI_capability_requires_rev3
00000001                __TI_args_main
00000002                $TI_capability$C5500$CallingConvention
00000002                $TI_capability$C5500$MemoryModel
            00000060    __stack
00001000                __SYSSTACK_SIZE
00002000                __STACK_SIZE
00002000                __SYSMEM_SIZE
            00001060    __STACK_END
            00001060    __sysstack
            00001860    __sys_memory
            00002868    _DMA_InputL
            00002968    _DMA_InputR
            00002a68    _DMA_OutputL
            00002b68    _DMA_OutputR
            00002c68    _sine_table
            0000306a    _p_sine_table
            0000306c    _OutputBuffer
            000030ec    _sineF1
            0000316c    _sineF2
            000031ec    _sineSum
            0000326c    _noise
            000032ec    _f1
            000032ed    _f2
            000032ee    _buttons
            000032fe    __ftable
            00003376    __tmpnams
            00003416    __ft_end
            000034e7    rndseed
            00003605    _fsError
            00003606    _ouError
            00003607    _errno
            00003608    _gI2cObj
            00003618    _i2cHandle
            0000362a    _SarObj
            0000362d    _preKey
            0000362e    _SarHandle
            00003630    _keyCnt1
            00003631    _keyCnt2
            00003638    _GpioObj
            0000363a    _hGpio
            0000363c    __lock
            0000363e    __unlock
            00003640    __cleanup_ptr
            00003642    __dtors_ptr
            00003644    _counter1
            00003645    _counter2
            00003646    _hI2s
            000037be    __ctypes_
            000038bf    _consolas_8ptBitmaps
            0000391f    _sign_width
00021362                __printfi
000215a4                _I2C_init
0002164d                _I2C_config
000217b2                _I2C_getConfig
00021888                _I2C_setup
00021a82                _I2C_write
00021cc6                _I2C_read
00021ee4                _I2C_eventEnable
00022018                _I2C_eventDisable
00022137                _I2C_setCallback
000221c4                _I2C_getEventId
000221e0                _SAR_init
0002223d                _SAR_deInit
0002225d                _SAR_chanInit
00022278                _SAR_chanOpen
000222da                _SAR_chanClose
0002235e                _SAR_chanConfig
000223d4                _SAR_getConfig
00022446                _SAR_chanSetup
0002265a                _SAR_chanCycSet
000226a9                _SAR_startConversion
000226db                _SAR_stopConversion
00022722                _SAR_readData
00022763                _SAR_A2DMeasParamSet
00022bdd                _SAR_GPODirSet
00022cb9                _SAR_getStatus
00022cf8                _I2S_open
00022e3f                _I2S_setup
0002312d                _I2S_close
000231df                _I2S_read
00023499                _I2S_write
000235ef                _I2S_reset
000236a0                _I2S_transEnable
000236eb                _GPIO_open
0002372f                _GPIO_close
00023753                _GPIO_config
000237d8                _GPIO_getConfig
00023860                _GPIO_read
000238e3                _GPIO_write
00023986                _GPIO_configBit
00023ace                _GPIO_disableInt
00023b4c                _GPIO_enableInt
00023bd6                _GPIO_clearInt
00023c62                _GPIO_statusBit
00023ce9                _GPIO_reset
00023d78                _aic3204_init
00023f69                _set_sampling_frequency_and_gain
000242d4                __I2S_init
0002432d                _IRQ_init
000243c7                _IRQ_clear
00024431                _IRQ_clearAll
00024441                _IRQ_config
000244d4                _IRQ_getConfig
00024567                _IRQ_disable
000245e5                _IRQ_disableAll
000245f3                _IRQ_enable
0002467d                _IRQ_restore
000246ed                _IRQ_getArg
00024733                _IRQ_setArg
00024766                _IRQ_map
00024798                _IRQ_setVecs
000247c9                _IRQ_test
0002483b                _IRQ_globalDisable
00024854                _IRQ_globalEnable
0002486d                _IRQ_globalRestore
00024881                _write
000249c3                _unlink
000249f6                _rename
00024a4f                _remove_device
00024a85                _read
00024b33                _open
00024bf2                _lseek
00024c58                _find_registered_device
00024c61                _close
00024cd4                _add_device
00024dc4                _getenv
00024e3f                _HOSTwrite
00024ecc                _HOSTunlink
00024f36                _HOSTtime
00024f94                _HOSTrename
00025042                _HOSTread
000250cf                _HOSTopen
0002516e                _HOSTlseek
00025223                _HOSTclose
0002528e                _HOSTclock
000252ec                _free
000253b8                _minit
0002541d                _malloc
00025512                _realloc
000256c3                _max_free
0002571d                _free_memory
00025773                _chkheap
0002577b                _calloc
000257a1                _snr
00025845                _main
00025c07                __divd
00025fd3                _aic3204_dma_init
0002615e                _aic3204_read_block
00026213                _aic3204_write_block
000262ee                _initPrintNumber
0002638c                _clearLCD
00026438                _setWritePointerToFirstChar
0002645a                _printChar
000266e1                __cleanup
0002673b                _freopen
00026804                _fopen
0002683f                __remull
0002688d                __remlli
000268bc                __mpylli
00026974                __divull
00026a68                __divlli
00026a9d                __addd
00026cf7                __neqd
00026d2b                __lssd
00026d73                __leqd
00026dc0                __gtrd
00026e0b                __geqd
00026e55                __eqld
00026e89                __cmpd
00026ee1                _EZDSP5535_OSD9616_send
00026f09                _EZDSP5535_OSD9616_multiSend
00026f54                _EZDSP5535_OSD9616_init
00027036                _EZDSP5535_OSD9616_printLetter
00027073                _EZDSP5535_SAR_init
00027139                _EZDSP5535_SAR_getKey
000271ed                _fputs
00027322                _puts
00027350                _gen_sinus_table
000274b1                __mpyd
000275fd                _EZDSP5535_I2S_init
00027656                _EZDSP5535_I2S_readLeft
00027688                _EZDSP5535_I2S_writeLeft
000276b5                _EZDSP5535_I2S_readRight
000276d6                _EZDSP5535_I2S_writeRight
000276f2                _EZDSP5535_I2S_close
00027704                _log
000277ef                _setvbuf
000278d5                __wrt_ok
00027955                __rd_ok
00027a7e                _frexp
00027b4a                _AIC3204_rget
00027b95                _AIC3204_rset
00027bbf                _aic3204_hardware_init
00027bd1                _aic3204_disable
00027be2                _aic3204_codec_read
00027bf9                _aic3204_codec_write
00027c0d                __doflush
00027c76                _fflush
00027ccf                _writemsg
00027d84                C$$IO$$
00027d89                _fputc
00027d89                _putc
00027e20                _putchar
00027e2f                __divul
00027ed0                _EZDSP5535_I2C_init
00027f05                _EZDSP5535_I2C_reset
00027f10                _EZDSP5535_I2C_write
00027f36                _EZDSP5535_I2C_read
00027f5e                _IRQ_plug
00027fea                _EZDSP5535_GPIO_init
00028015                _EZDSP5535_GPIO_setDirection
00028039                _EZDSP5535_GPIO_setOutput
00028053                _EZDSP5535_GPIO_getInput
00028071                _ltoa
000280ee                _fclose
00028169                __frcmpyd
000281df                __frcmpyd_div
00028252                __remul
000282c4                __fixdli
000283a0                _readmsg
0002840d                _fseek
00028478                __fltlid
000284df                _atoi
0002853b                __fltuld
00028596                _EZDSP5535_wait
000285ca                _EZDSP5535_waitusec
000285dc                _EZDSP5535_init
000285ea                _printf
0002863a                _auto_init
00028687                __args_main
000286d2                __remli
0002871d                __divli
00028765                _memcpy
000287a4                _exit
000287e2                _rand16
00028818                _c_int00
0002884c                _log10
0002887a                __fixdi
000288a4                I$$UDIV
000288a4                __divu
000288b9                I$$UMOD
000288b9                __remu
000288ce                _memccpy
000288f1                ___isinf
0002890b                __subd
0002891f                I$$LMPY
0002891f                __mpyli
00028932                __register_unlock
0002893a                __register_lock
00028942                __nop
00028944                __negd
00028954                __fltid
00028960                _remove
0002896a                _rand16init
00028972                _abort
00028973                C$$EXIT
            00020000    ___cinit__
            00020000    cinit
            000204bc    __CIOBUF_
0004fe00                RST
0004fe00                _VECSTART
0004ff00                _Reset
ffffffff                .bss
ffffffff                .data
ffffffff                .text
ffffffff                ___binit__
ffffffff                ___bss__
ffffffff                ___c_args__
ffffffff                ___data__
ffffffff                ___edata__
ffffffff                ___end__
ffffffff                ___etext__
ffffffff                ___pinit__
ffffffff                ___text__
ffffffff                binit
ffffffff                edata
ffffffff                end
ffffffff                etext
ffffffff                pinit

[280 symbols]
