******************************************************************************
              TMS320C55x Linker PC v4.4.1                      
******************************************************************************
>> Linked Wed Jan 11 14:05:08 2017

OUTPUT FILE NAME:   <DTMF Prijemnik.out>
ENTRY POINT SYMBOL: "_c_int00"  address: 00027ca5


MEMORY CONFIGURATION

         name            origin    length      used     unused   attr    fill
                        (bytes)   (bytes)    (bytes)   (bytes)
----------------------  --------  ---------  --------  --------  ----  --------
PAGE 0:
  MMR                   00000000   000000c0  00000000  000000c0  RWIX
  DARAM0                000000c0   0000ff40  000074f6  00008a4a  RWIX
  SARAM0                00010000   00010000  00000000  00010000  RWIX
  SARAM1                00020000   00020000  00007dc7  00018239  RWIX
  SARAM2                00040000   0000fe00  000005a6  0000f85a  RWIX
  VECS                  0004fe00   00000200  00000200  00000000  RWIX
  PDROM                 00ff8000   00008000  00000000  00008000  R IX

PAGE 2:
  IOPORT                00000000   00020000  00000000  00020000  RWI 


SECTION ALLOCATION MAP
(Addresses surrounded by []'s are displayed for convenience only!)

output                                                          attributes/
section   page  orgn(bytes) orgn(words) len(bytes) len(words)   input sections
--------  ----  ----------- ----------- ---------- ----------   --------------
.pinit       0   [ 00040000 ]  00020000          *   00000000   UNINITIALIZED

.stack       0   [ 000000c0 ]  00000060          *   00001000   UNINITIALIZED
                 [ 000000c0 ]  00000060          *   00001000   --HOLE--

.data        0   [ 000000c0 ]  00000060          *   00000000   UNINITIALIZED

.sysstack 
*            0   [ 000020c0 ]  00001060          *   00000800   UNINITIALIZED
                 [ 000020c0 ]  00001060          *   00000800   --HOLE--

.sysmem      0   [ 000030c0 ]  00001860          *   00001000   UNINITIALIZED
                 [ 000030c0 ]  00001860          *   00001000   --HOLE--

.bss.1       0   [ 000050c0 ]  00002860          *   00000b2f   UNINITIALIZED
                 [ 000050c0 ]  00002860          *   00000408   ezdsp5535_aic3204_dma.obj (.bss)
                 [ 000058d0 ]  00002c68          *   0000031c   main.obj (.bss)
                 [ 00005f08 ]  00002f84          *   00000119   rts55x.lib : defs.obj (.bss)
                 [ 0000613a ]  0000309d          *   00000001              : fopen.obj (.bss)
                 [ 0000613c ]  0000309e          *   00000102   window.obj (.bss)
                 [ 00006340 ]  000031a0          *   000000d0   rts55x.lib : trgdrv.obj (.bss)
                 [ 000064e0 ]  00003270          *   00000084   cslVC5505.lib : csl_intc.obj (.bss)
                 [ 000065e8 ]  000032f4          *   00000071   rts55x.lib : lowlev.obj (.bss)
                 [ 000066ca ]  00003365          *   0000002a   cslVC5505.lib : csl_i2s.obj (.bss)

.bss.2       0   [ 00006720 ]  00003390          *   00000028   UNINITIALIZED
                 [ 00006720 ]  00003390          *   00000012   cslVC5505.lib : csl_i2c.obj (.bss)
                 [ 00006744 ]  000033a2          *   00000006   rts55x.lib : memory.obj (.bss)
                 [ 00006750 ]  000033a8          *   00000004   ezdsp5535bsl.lib : ezdsp5535_gpio.obj (.bss)
                 [ 00006758 ]  000033ac          *   00000004   rts55x.lib : _lock.obj (.bss)
                 [ 00006760 ]  000033b0          *   00000004              : exit.obj (.bss)
                 [ 00006768 ]  000033b4          *   00000002   aic3204.obj (.bss)
                 [ 0000676c ]  000033b6          *   00000002   ezdsp5535bsl.lib : ezdsp5535_i2s.obj (.bss)

.const       0   [ 00006800 ]  00003400          *   00000724   
                 [ 00006800 ]  00003400          *   00000400   55xdspx_r3.lib : twiddle.obj (.const:twiddle)
                 [ 00007000 ]  00003800          *   00000174   aic3204_init.obj (.const:.string)
                 [ 000072e8 ]  00003974          *   00000101   rts55x.lib : ctype.obj (.const:__ctypes_)
                 [ 000074ea ]  00003a75          *   00000060   print_number.obj (.const:_consolas_8ptBitmaps)
                 [ 000075aa ]  00003ad5          *   00000001   print_number.obj (.const)
                 [ 000075ac ]  00003ad6          *   00000024   rts55x.lib : _printfi.obj (.const:.string)
                 [ 000075f4 ]  00003afa          *   00000012   main.obj (.const:.string)
                 [ 00007618 ]  00003b0c          *   0000000c   rts55x.lib : _printfi.obj (.const)
                 [ 00007630 ]  00003b18          *   00000008              : divd.obj (.const:_initial_approx$1)
                 [ 00007640 ]  00003b20          *   00000002              : fputs.obj (.const:.string)
                 [ 00007644 ]  00003b22          *   00000002              : fltlid.obj (.const)

.text        0     00020000  [ 00010000 ] 00007dc7          *   
                   00020000  [ 00010000 ] 000015a4          *   rts55x.lib : _printfi.obj (.text)
                   000215a4  [ 00010ad2 ] 00000c3c          *   cslVC5505.lib : csl_i2c.obj (.text)
                   000221e0  [ 000110f0 ] 000009f3          *                 : csl_i2s.obj (.text)
                   00022bd3  [ 000115e9+] 0000068d          *                 : csl_gpio.obj (.text)
                   00023260  [ 00011930 ] 000005f8          *   main.obj (.text)
                   00023858  [ 00011c2c ] 000005b5          *   aic3204_init.obj (.text)
                   00023e0d  [ 00011f06+] 00000554          *   cslVC5505.lib : csl_intc.obj (.text)
                   00024361  [ 000121b0+] 00000543          *   rts55x.lib : lowlev.obj (.text)
                   000248a4  [ 00012452 ] 00000528          *              : trgdrv.obj (.text)
                   00024dcc  [ 000126e6 ] 000004b5          *              : memory.obj (.text)
                   00025281  [ 00012940+] 000003cc          *              : divd.obj (.text)
                   0002564d  [ 00012b26+] 0000031b          *   ezdsp5535_aic3204_dma.obj (.text)
                   00025968  [ 00012cb4 ] 000002d2          *   print_number.obj (.text)
                   00025c3a  [ 00012e1d ] 0000027f          *   rts55x.lib : fopen.obj (.text)
                   00025eb9  [ 00012f5c+] 0000025e          *              : llmpy.obj (.text)
                   00026117  [ 0001308b+] 0000025a          *              : addd.obj (.text)
                   00026371  [ 000131b8+] 000001ea          *              : cmpd.obj (.text)
                   0002655b  [ 000132ad+] 000001d3          *   55xdspx_r3.lib : cfft_scale.obj (.text)
                   0002672e  [ 00013397 ] 00000192          *   ezdsp5535bsl.lib : ezdsp5535_lcd.obj (.text)
                   000268c0  [ 00013460 ] 00000163          *   rts55x.lib : fputs.obj (.text)
                   00026a23  [ 00013511+] 0000014c          *              : mpyd.obj (.text)
                   00026b6f  [ 000135b7+] 00000107          *   ezdsp5535bsl.lib : ezdsp5535_i2s.obj (.text)
                   00026c76  [ 0001363b ] 000000e6          *   rts55x.lib : setvbuf.obj (.text)
                   00026d5c  [ 000136ae ] 000000dd          *              : _io_perm.obj (.text)
                   00026e39  [ 0001371c+] 000000d6          *   55xdspx_r3.lib : cbrev.obj (.text)
                   00026f0f  [ 00013787+] 000000cc          *   ezdsp5535_aic3204_dma.obj (.text:retain)
                   00026fdb  [ 000137ed+] 000000c3          *   aic3204.obj (.text)
                   0002709e  [ 0001384f ] 000000c2          *   rts55x.lib : fflush.obj (.text)
                   00027160  [ 000138b0 ] 000000ba          *              : trgmsg.obj (.text:CIO_breakpoint)
                   0002721a  [ 0001390d ] 000000a6          *              : fputc.obj (.text)
                   000272c0  [ 00013960 ] 000000a1          *              : divul.obj (.text)
                   00027361  [ 000139b0+] 0000008e          *   ezdsp5535bsl.lib : ezdsp5535_i2c.obj (.text)
                   000273ef  [ 000139f7+] 0000008d          *   55xdspx_r3.lib : unpack.obj (.text)
                   0002747c  [ 00013a3e ] 0000008c          *   cslVC5505.lib : csl_irqplug.obj (.text)
                   00027508  [ 00013a84 ] 00000087          *   ezdsp5535bsl.lib : ezdsp5535_gpio.obj (.text)
                   0002758f  [ 00013ac7+] 0000007d          *   rts55x.lib : ltoa.obj (.text)
                   0002760c  [ 00013b06 ] 0000007b          *              : fclose.obj (.text)
                   00027687  [ 00013b43+] 00000076          *              : frcmpyd.obj (.text)
                   000276fd  [ 00013b7e+] 00000073          *              : frcmpyd_div.obj (.text)
                   00027770  [ 00013bb8 ] 00000072          *              : remul.obj (.text)
                   000277e2  [ 00013bf1 ] 0000006f          *              : fixdli.obj (.text)
                   00027851  [ 00013c28+] 0000006d          *   cslVC5505.lib : vectors.obj (.text)
                   000278be  [ 00013c5f ] 0000006d          *   rts55x.lib : trgmsg.obj (.text)
                   0002792b  [ 00013c95+] 0000006b          *              : fseek.obj (.text)
                   00027996  [ 00013ccb ] 00000067          *              : fltlid.obj (.text)
                   000279fd  [ 00013cfe+] 0000005c          *              : atoi.obj (.text)
                   00027a59  [ 00013d2c+] 00000054          *   ezdsp5535bsl.lib : ezdsp5535.obj (.text)
                   00027aad  [ 00013d56+] 00000050          *   rts55x.lib : printf.obj (.text)
                   00027afd  [ 00013d7e+] 0000004d          *              : autoinit.obj (.text)
                   00027b4a  [ 00013da5 ] 0000004b          *              : args_main.obj (.text)
                   00027b95  [ 00013dca+] 0000004b          *              : remli.obj (.text)
                   00027be0  [ 00013df0 ] 00000048          *              : divli.obj (.text)
                   00027c28  [ 00013e14 ] 0000003f          *              : memcpy.obj (.text)
                   00027c67  [ 00013e33+] 0000003e          *              : exit.obj (.text)
                   00027ca5  [ 00013e52+] 00000034          *              : boot.obj (.text)
                   00027cd9  [ 00013e6c+] 0000002a          *              : fixdi.obj (.text)
                   00027d03  [ 00013e81+] 0000002a          *              : udiv.obj (.text)
                   00027d2d  [ 00013e96+] 00000023          *              : memccpy.obj (.text)
                   00027d50  [ 00013ea8 ] 0000001a          *              : isinf.obj (.text)
                   00027d6a  [ 00013eb5 ] 00000014          *              : subd.obj (.text)
                   00027d7e  [ 00013ebf ] 00000013          *              : lmpy.obj (.text)
                   00027d91  [ 00013ec8+] 00000012          *              : _lock.obj (.text)
                   00027da3  [ 00013ed1+] 00000010          *              : negd.obj (.text)
                   00027db3  [ 00013ed9+] 0000000a          *              : remove.obj (.text)
                   00027dbd  [ 00013ede+] 00000007          *              : exit.obj (.text:CIO_breakpoint)
                   00027dc4  [ 00013ee2 ] 00000002          *              : vectors.obj (.text)
                   00027dc6  [ 00013ee3 ] 00000001          *   --HOLE-- [fill = 20]

.cinit       0   [ 00040000 ]  00020000          *   0000019f   
                 [ 00040000 ]  00020000          *   00000108   window.obj (.cinit)
                 [ 00040210 ]  00020108          *   0000002d   rts55x.lib : lowlev.obj (.cinit)
                 [ 0004026a ]  00020135          *   0000002a              : defs.obj (.cinit)
                 [ 000402be ]  0002015f          *   0000001b   main.obj (.cinit)
                 [ 000402f4 ]  0002017a          *   0000000a   rts55x.lib : _lock.obj (.cinit)
                 [ 00040308 ]  00020184          *   0000000a              : exit.obj (.cinit)
                 [ 0004031c ]  0002018e          *   00000008   cslVC5505.lib : csl_i2s.obj (.cinit)
                 [ 0004032c ]  00020196          *   00000004   rts55x.lib : fopen.obj (.cinit)
                 [ 00040334 ]  0002019a          *   00000004              : memory.obj (.cinit)
                 [ 0004033c ]  0002019e          *   00000001   --HOLE-- [fill = 0]

.cio         0   [ 00040340 ]  000201a0          *   00000120   UNINITIALIZED
                 [ 00040340 ]  000201a0          *   00000120   rts55x.lib : trgmsg.obj (.cio)

.switch      0   [ 00040580 ]  000202c0          *   00000014   
                 [ 00040580 ]  000202c0          *   00000014   print_number.obj (.switch:_printChar)

vectors      0     0004fe00  [ 00027f00 ] 00000200          *   
                   0004fe00  [ 00027f00 ] 00000100          *   cslVC5505.lib : vectors.obj (vectors)
                   0004ff00  [ 00027f80 ] 00000100          *   rts55x.lib : vectors.obj (vectors)


GLOBAL SYMBOLS: SORTED ALPHABETICALLY BY Name 

abs. value/
byte addr   word addr   name
---------   ---------   ----
00000002                $TI_capability$C5500$CallingConvention
00000002                $TI_capability$C5500$MemoryModel
00000001                $TI_capability_requires_rev3
ffffffff                .bss
ffffffff                .data
ffffffff                .text
00027dbe                C$$EXIT
00027215                C$$IO$$
00027d7e                I$$LMPY
00027d03                I$$UDIV
00027d18                I$$UMOD
0004fe00                RST
00026fdb                _AIC3204_rget
00027026                _AIC3204_rset
            00002868    _DMA_InputL
            00002968    _DMA_InputR
            00002a68    _DMA_OutputL
            00002b68    _DMA_OutputR
00027571                _EZDSP5535_GPIO_getInput
00027508                _EZDSP5535_GPIO_init
00027533                _EZDSP5535_GPIO_setDirection
00027557                _EZDSP5535_GPIO_setOutput
00027361                _EZDSP5535_I2C_init
000273c7                _EZDSP5535_I2C_read
00027396                _EZDSP5535_I2C_reset
000273a1                _EZDSP5535_I2C_write
00026c64                _EZDSP5535_I2S_close
00026b6f                _EZDSP5535_I2S_init
00026bc8                _EZDSP5535_I2S_readLeft
00026c27                _EZDSP5535_I2S_readRight
00026bfa                _EZDSP5535_I2S_writeLeft
00026c48                _EZDSP5535_I2S_writeRight
000267a1                _EZDSP5535_OSD9616_init
00026756                _EZDSP5535_OSD9616_multiSend
00026883                _EZDSP5535_OSD9616_printLetter
0002672e                _EZDSP5535_OSD9616_send
00027a9f                _EZDSP5535_init
00027a59                _EZDSP5535_wait
00027a8d                _EZDSP5535_waitusec
000230be                _GPIO_clearInt
00022c17                _GPIO_close
00022c3b                _GPIO_config
00022e6e                _GPIO_configBit
00022fb6                _GPIO_disableInt
00023034                _GPIO_enableInt
00022cc0                _GPIO_getConfig
00022bd3                _GPIO_open
00022d48                _GPIO_read
000231d1                _GPIO_reset
0002314a                _GPIO_statusBit
00022dcb                _GPIO_write
            000033a8    _GpioObj
00024d6e                _HOSTclock
00024d03                _HOSTclose
00024c4e                _HOSTlseek
00024baf                _HOSTopen
00024b22                _HOSTread
00024a74                _HOSTrename
00024a16                _HOSTtime
000249ac                _HOSTunlink
0002491f                _HOSTwrite
0002164d                _I2C_config
00022018                _I2C_eventDisable
00021ee4                _I2C_eventEnable
000217b2                _I2C_getConfig
000221c4                _I2C_getEventId
000215a4                _I2C_init
00021cc6                _I2C_read
00022137                _I2C_setCallback
00021888                _I2C_setup
00021a82                _I2C_write
00022615                _I2S_close
000221e0                _I2S_open
000226c7                _I2S_read
00022ad7                _I2S_reset
00022327                _I2S_setup
00022b88                _I2S_transEnable
00022981                _I2S_write
00023ea7                _IRQ_clear
00023f11                _IRQ_clearAll
00023f21                _IRQ_config
00024047                _IRQ_disable
000240c5                _IRQ_disableAll
000240d3                _IRQ_enable
000241cd                _IRQ_getArg
00023fb4                _IRQ_getConfig
0002431b                _IRQ_globalDisable
00024334                _IRQ_globalEnable
0002434d                _IRQ_globalRestore
00023e0d                _IRQ_init
00024246                _IRQ_map
0002747c                _IRQ_plug
0002415d                _IRQ_restore
00024213                _IRQ_setArg
00024278                _IRQ_setVecs
000242a9                _IRQ_test
            00002c68    _InputBufferL
            00002ce8    _InputBufferR
0004ff00                _Reset
0004fe00                _VECSTART
            000201a0    __CIOBUF_
00023db4                __I2S_init
            00001060    __STACK_END
00002000                __STACK_SIZE
00002000                __SYSMEM_SIZE
00001000                __SYSSTACK_SIZE
00000001                __TI_args_main
ffffffff                ___binit__
ffffffff                ___bss__
ffffffff                ___c_args__
            00020000    ___cinit__
ffffffff                ___data__
ffffffff                ___edata__
ffffffff                ___end__
ffffffff                ___etext__
00027d50                ___isinf
ffffffff                ___pinit__
ffffffff                ___text__
00026117                __addd
00027b4a                __args_main
00025d5b                __cleanup
            000033b0    __cleanup_ptr
00026503                __cmpd
            00003974    __ctypes_
00025281                __divd
00027be0                __divli
000260e2                __divlli
00027d03                __divu
000272c0                __divul
00025fee                __divull
0002709e                __doflush
            000033b2    __dtors_ptr
000264cf                __eqld
00027cd9                __fixdi
000277e2                __fixdli
00027996                __fltlid
00027687                __frcmpyd
000276fd                __frcmpyd_div
            0000309c    __ft_end
            00002f84    __ftable
00026485                __geqd
0002643a                __gtrd
000263ed                __leqd
            000033ac    __lock
000263a5                __lssd
00026a23                __mpyd
00027d7e                __mpyli
00025f36                __mpylli
00027da3                __negd
00026371                __neqd
00027da1                __nop
00021362                __printfi
00026ddc                __rd_ok
00027d99                __register_lock
00027d91                __register_unlock
00027b95                __remli
00025f07                __remlli
00027d18                __remu
00027770                __remul
00025eb9                __remull
            00000060    __stack
00027d6a                __subd
            00001860    __sys_memory
            00001060    __sysstack
            00002ffc    __tmpnams
            000033ae    __unlock
00026d5c                __wrt_ok
00027dbd                _abort
000247b4                _add_device
00027073                _aic3204_codec_read
0002708a                _aic3204_codec_write
00027062                _aic3204_disable
0002564d                _aic3204_dma_init
00027050                _aic3204_hardware_init
00023858                _aic3204_init
000257d8                _aic3204_read_block
0002588d                _aic3204_write_block
000279fd                _atoi
00027afd                _auto_init
00027ca5                _c_int00
0002525b                _calloc
00026e39                _cbrev
0002655b                _cfft_SCALE
            00002f82    _charLength
00025253                _chkheap
00025a06                _clearLCD
00024741                _close
            00002f70    _componentPower
            00003a75    _consolas_8ptBitmaps
            000033b4    _counter1
            000033b5    _counter2
            00002f80    _currentChar
00027c67                _exit
0002760c                _fclose
00027107                _fflush
            00002e68    _fftBuffer
00024738                _find_registered_device
00025e7e                _fopen
0002721a                _fputc
000268c0                _fputs
00024dcc                _free
000251fd                _free_memory
00025db5                _freopen
            0000338d    _fsError
0002792b                _fseek
            00003390    _gI2cObj
000248a4                _getenv
            000033aa    _hGpio
            000033b6    _hI2s
            000033a0    _i2cHandle
            00002f68    _importantComponents
00025968                _initPrintNumber
000246d2                _lseek
0002758f                _ltoa
00023260                _main
00024efd                _malloc
000251a3                _max_free
00027d2d                _memccpy
00027c28                _memcpy
00024e98                _minit
            00002de8    _newValues
            00002d68    _oldValues
00024613                _open
            0000338e    _ouError
            0000319e    _p_window
            00002f81    _previousChar
00025ad4                _printChar
            00002f83    _printEnable
00027aad                _printf
0002721a                _putc
000272b1                _putchar
000269f5                _puts
00024565                _read
000278be                _readmsg
00024ff2                _realloc
00027db3                _remove
0002452f                _remove_device
000244d6                _rename
00025ab2                _setWritePointerToFirstChar
00023a49                _set_sampling_frequency_and_gain
00026c76                _setvbuf
            00003ad5    _sign_width
000244a3                _unlink
000273ef                _unpack
            0000309e    _window
00024361                _write
00027160                _writemsg
ffffffff                binit
            00020000    cinit
ffffffff                edata
ffffffff                end
ffffffff                etext
ffffffff                pinit
            00003400    twiddle


GLOBAL SYMBOLS: SORTED BY Symbol Address 

abs. value/
byte addr   word addr   name
---------   ---------   ----
00000001                $TI_capability_requires_rev3
00000001                __TI_args_main
00000002                $TI_capability$C5500$CallingConvention
00000002                $TI_capability$C5500$MemoryModel
            00000060    __stack
00001000                __SYSSTACK_SIZE
00002000                __STACK_SIZE
00002000                __SYSMEM_SIZE
            00001060    __STACK_END
            00001060    __sysstack
            00001860    __sys_memory
            00002868    _DMA_InputL
            00002968    _DMA_InputR
            00002a68    _DMA_OutputL
            00002b68    _DMA_OutputR
            00002c68    _InputBufferL
            00002ce8    _InputBufferR
            00002d68    _oldValues
            00002de8    _newValues
            00002e68    _fftBuffer
            00002f68    _importantComponents
            00002f70    _componentPower
            00002f80    _currentChar
            00002f81    _previousChar
            00002f82    _charLength
            00002f83    _printEnable
            00002f84    __ftable
            00002ffc    __tmpnams
            0000309c    __ft_end
            0000309e    _window
            0000319e    _p_window
            0000338d    _fsError
            0000338e    _ouError
            00003390    _gI2cObj
            000033a0    _i2cHandle
            000033a8    _GpioObj
            000033aa    _hGpio
            000033ac    __lock
            000033ae    __unlock
            000033b0    __cleanup_ptr
            000033b2    __dtors_ptr
            000033b4    _counter1
            000033b5    _counter2
            000033b6    _hI2s
            00003400    twiddle
            00003974    __ctypes_
            00003a75    _consolas_8ptBitmaps
            00003ad5    _sign_width
00021362                __printfi
000215a4                _I2C_init
0002164d                _I2C_config
000217b2                _I2C_getConfig
00021888                _I2C_setup
00021a82                _I2C_write
00021cc6                _I2C_read
00021ee4                _I2C_eventEnable
00022018                _I2C_eventDisable
00022137                _I2C_setCallback
000221c4                _I2C_getEventId
000221e0                _I2S_open
00022327                _I2S_setup
00022615                _I2S_close
000226c7                _I2S_read
00022981                _I2S_write
00022ad7                _I2S_reset
00022b88                _I2S_transEnable
00022bd3                _GPIO_open
00022c17                _GPIO_close
00022c3b                _GPIO_config
00022cc0                _GPIO_getConfig
00022d48                _GPIO_read
00022dcb                _GPIO_write
00022e6e                _GPIO_configBit
00022fb6                _GPIO_disableInt
00023034                _GPIO_enableInt
000230be                _GPIO_clearInt
0002314a                _GPIO_statusBit
000231d1                _GPIO_reset
00023260                _main
00023858                _aic3204_init
00023a49                _set_sampling_frequency_and_gain
00023db4                __I2S_init
00023e0d                _IRQ_init
00023ea7                _IRQ_clear
00023f11                _IRQ_clearAll
00023f21                _IRQ_config
00023fb4                _IRQ_getConfig
00024047                _IRQ_disable
000240c5                _IRQ_disableAll
000240d3                _IRQ_enable
0002415d                _IRQ_restore
000241cd                _IRQ_getArg
00024213                _IRQ_setArg
00024246                _IRQ_map
00024278                _IRQ_setVecs
000242a9                _IRQ_test
0002431b                _IRQ_globalDisable
00024334                _IRQ_globalEnable
0002434d                _IRQ_globalRestore
00024361                _write
000244a3                _unlink
000244d6                _rename
0002452f                _remove_device
00024565                _read
00024613                _open
000246d2                _lseek
00024738                _find_registered_device
00024741                _close
000247b4                _add_device
000248a4                _getenv
0002491f                _HOSTwrite
000249ac                _HOSTunlink
00024a16                _HOSTtime
00024a74                _HOSTrename
00024b22                _HOSTread
00024baf                _HOSTopen
00024c4e                _HOSTlseek
00024d03                _HOSTclose
00024d6e                _HOSTclock
00024dcc                _free
00024e98                _minit
00024efd                _malloc
00024ff2                _realloc
000251a3                _max_free
000251fd                _free_memory
00025253                _chkheap
0002525b                _calloc
00025281                __divd
0002564d                _aic3204_dma_init
000257d8                _aic3204_read_block
0002588d                _aic3204_write_block
00025968                _initPrintNumber
00025a06                _clearLCD
00025ab2                _setWritePointerToFirstChar
00025ad4                _printChar
00025d5b                __cleanup
00025db5                _freopen
00025e7e                _fopen
00025eb9                __remull
00025f07                __remlli
00025f36                __mpylli
00025fee                __divull
000260e2                __divlli
00026117                __addd
00026371                __neqd
000263a5                __lssd
000263ed                __leqd
0002643a                __gtrd
00026485                __geqd
000264cf                __eqld
00026503                __cmpd
0002655b                _cfft_SCALE
0002672e                _EZDSP5535_OSD9616_send
00026756                _EZDSP5535_OSD9616_multiSend
000267a1                _EZDSP5535_OSD9616_init
00026883                _EZDSP5535_OSD9616_printLetter
000268c0                _fputs
000269f5                _puts
00026a23                __mpyd
00026b6f                _EZDSP5535_I2S_init
00026bc8                _EZDSP5535_I2S_readLeft
00026bfa                _EZDSP5535_I2S_writeLeft
00026c27                _EZDSP5535_I2S_readRight
00026c48                _EZDSP5535_I2S_writeRight
00026c64                _EZDSP5535_I2S_close
00026c76                _setvbuf
00026d5c                __wrt_ok
00026ddc                __rd_ok
00026e39                _cbrev
00026fdb                _AIC3204_rget
00027026                _AIC3204_rset
00027050                _aic3204_hardware_init
00027062                _aic3204_disable
00027073                _aic3204_codec_read
0002708a                _aic3204_codec_write
0002709e                __doflush
00027107                _fflush
00027160                _writemsg
00027215                C$$IO$$
0002721a                _fputc
0002721a                _putc
000272b1                _putchar
000272c0                __divul
00027361                _EZDSP5535_I2C_init
00027396                _EZDSP5535_I2C_reset
000273a1                _EZDSP5535_I2C_write
000273c7                _EZDSP5535_I2C_read
000273ef                _unpack
0002747c                _IRQ_plug
00027508                _EZDSP5535_GPIO_init
00027533                _EZDSP5535_GPIO_setDirection
00027557                _EZDSP5535_GPIO_setOutput
00027571                _EZDSP5535_GPIO_getInput
0002758f                _ltoa
0002760c                _fclose
00027687                __frcmpyd
000276fd                __frcmpyd_div
00027770                __remul
000277e2                __fixdli
000278be                _readmsg
0002792b                _fseek
00027996                __fltlid
000279fd                _atoi
00027a59                _EZDSP5535_wait
00027a8d                _EZDSP5535_waitusec
00027a9f                _EZDSP5535_init
00027aad                _printf
00027afd                _auto_init
00027b4a                __args_main
00027b95                __remli
00027be0                __divli
00027c28                _memcpy
00027c67                _exit
00027ca5                _c_int00
00027cd9                __fixdi
00027d03                I$$UDIV
00027d03                __divu
00027d18                I$$UMOD
00027d18                __remu
00027d2d                _memccpy
00027d50                ___isinf
00027d6a                __subd
00027d7e                I$$LMPY
00027d7e                __mpyli
00027d91                __register_unlock
00027d99                __register_lock
00027da1                __nop
00027da3                __negd
00027db3                _remove
00027dbd                _abort
00027dbe                C$$EXIT
            00020000    ___cinit__
            00020000    cinit
            000201a0    __CIOBUF_
0004fe00                RST
0004fe00                _VECSTART
0004ff00                _Reset
ffffffff                .bss
ffffffff                .data
ffffffff                .text
ffffffff                ___binit__
ffffffff                ___bss__
ffffffff                ___c_args__
ffffffff                ___data__
ffffffff                ___edata__
ffffffff                ___end__
ffffffff                ___etext__
ffffffff                ___pinit__
ffffffff                ___text__
ffffffff                binit
ffffffff                edata
ffffffff                end
ffffffff                etext
ffffffff                pinit

[254 symbols]
