<?xml version="1.0"?>
<link_info>
   <banner>TMS320C55x Linker PC v4.4.1</banner>
   <copyright>Copyright (c) 1996-2012 Texas Instruments Incorporated</copyright>
   <link_time>0x58762d84</link_time>
   <output_file>DTMF Prijemnik.out</output_file>
   <entry_point>
      <name>_c_int00</name>
      <address>0x27ca5</address>
   </entry_point>
   <input_file_list>
      <input_file id="fl-2">
         <path>.\</path>
         <kind>object</kind>
         <file>aic3204.obj</file>
         <name>aic3204.obj</name>
      </input_file>
      <input_file id="fl-3">
         <path>.\</path>
         <kind>object</kind>
         <file>aic3204_init.obj</file>
         <name>aic3204_init.obj</name>
      </input_file>
      <input_file id="fl-4">
         <path>.\</path>
         <kind>object</kind>
         <file>ezdsp5535_aic3204_dma.obj</file>
         <name>ezdsp5535_aic3204_dma.obj</name>
      </input_file>
      <input_file id="fl-5">
         <path>.\</path>
         <kind>object</kind>
         <file>main.obj</file>
         <name>main.obj</name>
      </input_file>
      <input_file id="fl-6">
         <path>.\</path>
         <kind>object</kind>
         <file>print_number.obj</file>
         <name>print_number.obj</name>
      </input_file>
      <input_file id="fl-7">
         <path>.\</path>
         <kind>object</kind>
         <file>window.obj</file>
         <name>window.obj</name>
      </input_file>
      <input_file id="fl-12">
         <path>..\lib\</path>
         <kind>archive</kind>
         <file>ezdsp5535bsl.lib</file>
         <name>ezdsp5535_lcd.obj</name>
      </input_file>
      <input_file id="fl-13">
         <path>..\lib\</path>
         <kind>archive</kind>
         <file>ezdsp5535bsl.lib</file>
         <name>ezdsp5535_i2s.obj</name>
      </input_file>
      <input_file id="fl-14">
         <path>..\lib\</path>
         <kind>archive</kind>
         <file>ezdsp5535bsl.lib</file>
         <name>ezdsp5535_i2c.obj</name>
      </input_file>
      <input_file id="fl-15">
         <path>..\lib\</path>
         <kind>archive</kind>
         <file>ezdsp5535bsl.lib</file>
         <name>ezdsp5535_gpio.obj</name>
      </input_file>
      <input_file id="fl-16">
         <path>..\lib\</path>
         <kind>archive</kind>
         <file>ezdsp5535bsl.lib</file>
         <name>ezdsp5535.obj</name>
      </input_file>
      <input_file id="fl-17">
         <path>..\c55xx_csl\lib\</path>
         <kind>archive</kind>
         <file>55xdspx_r3.lib</file>
         <name>cbrev.obj</name>
      </input_file>
      <input_file id="fl-18">
         <path>..\c55xx_csl\lib\</path>
         <kind>archive</kind>
         <file>55xdspx_r3.lib</file>
         <name>cfft_scale.obj</name>
      </input_file>
      <input_file id="fl-19">
         <path>..\c55xx_csl\lib\</path>
         <kind>archive</kind>
         <file>55xdspx_r3.lib</file>
         <name>twiddle.obj</name>
      </input_file>
      <input_file id="fl-1a">
         <path>..\c55xx_csl\lib\</path>
         <kind>archive</kind>
         <file>55xdspx_r3.lib</file>
         <name>unpack.obj</name>
      </input_file>
      <input_file id="fl-1b">
         <path>..\c55xx_csl\lib\</path>
         <kind>archive</kind>
         <file>cslVC5505.lib</file>
         <name>vectors.obj</name>
      </input_file>
      <input_file id="fl-1c">
         <path>..\c55xx_csl\lib\</path>
         <kind>archive</kind>
         <file>cslVC5505.lib</file>
         <name>csl_irqplug.obj</name>
      </input_file>
      <input_file id="fl-1d">
         <path>..\c55xx_csl\lib\</path>
         <kind>archive</kind>
         <file>cslVC5505.lib</file>
         <name>csl_intc.obj</name>
      </input_file>
      <input_file id="fl-1e">
         <path>..\c55xx_csl\lib\</path>
         <kind>archive</kind>
         <file>cslVC5505.lib</file>
         <name>csl_i2s.obj</name>
      </input_file>
      <input_file id="fl-1f">
         <path>..\c55xx_csl\lib\</path>
         <kind>archive</kind>
         <file>cslVC5505.lib</file>
         <name>csl_i2c.obj</name>
      </input_file>
      <input_file id="fl-20">
         <path>..\c55xx_csl\lib\</path>
         <kind>archive</kind>
         <file>cslVC5505.lib</file>
         <name>csl_gpio.obj</name>
      </input_file>
      <input_file id="fl-21">
         <path>C:\ti\ccsv6\tools\compiler\c5500_4.4.1\lib\</path>
         <kind>archive</kind>
         <file>rts55x.lib</file>
         <name>boot.obj</name>
      </input_file>
      <input_file id="fl-22">
         <path>C:\ti\ccsv6\tools\compiler\c5500_4.4.1\lib\</path>
         <kind>archive</kind>
         <file>rts55x.lib</file>
         <name>divul.obj</name>
      </input_file>
      <input_file id="fl-23">
         <path>C:\ti\ccsv6\tools\compiler\c5500_4.4.1\lib\</path>
         <kind>archive</kind>
         <file>rts55x.lib</file>
         <name>exit.obj</name>
      </input_file>
      <input_file id="fl-24">
         <path>C:\ti\ccsv6\tools\compiler\c5500_4.4.1\lib\</path>
         <kind>archive</kind>
         <file>rts55x.lib</file>
         <name>lmpy.obj</name>
      </input_file>
      <input_file id="fl-25">
         <path>C:\ti\ccsv6\tools\compiler\c5500_4.4.1\lib\</path>
         <kind>archive</kind>
         <file>rts55x.lib</file>
         <name>printf.obj</name>
      </input_file>
      <input_file id="fl-26">
         <path>C:\ti\ccsv6\tools\compiler\c5500_4.4.1\lib\</path>
         <kind>archive</kind>
         <file>rts55x.lib</file>
         <name>remul.obj</name>
      </input_file>
      <input_file id="fl-27">
         <path>C:\ti\ccsv6\tools\compiler\c5500_4.4.1\lib\</path>
         <kind>archive</kind>
         <file>rts55x.lib</file>
         <name>vectors.obj</name>
      </input_file>
      <input_file id="fl-28">
         <path>C:\ti\ccsv6\tools\compiler\c5500_4.4.1\lib\</path>
         <kind>archive</kind>
         <file>rts55x.lib</file>
         <name>_lock.obj</name>
      </input_file>
      <input_file id="fl-29">
         <path>C:\ti\ccsv6\tools\compiler\c5500_4.4.1\lib\</path>
         <kind>archive</kind>
         <file>rts55x.lib</file>
         <name>_printfi.obj</name>
      </input_file>
      <input_file id="fl-2a">
         <path>C:\ti\ccsv6\tools\compiler\c5500_4.4.1\lib\</path>
         <kind>archive</kind>
         <file>rts55x.lib</file>
         <name>args_main.obj</name>
      </input_file>
      <input_file id="fl-2b">
         <path>C:\ti\ccsv6\tools\compiler\c5500_4.4.1\lib\</path>
         <kind>archive</kind>
         <file>rts55x.lib</file>
         <name>atoi.obj</name>
      </input_file>
      <input_file id="fl-2c">
         <path>C:\ti\ccsv6\tools\compiler\c5500_4.4.1\lib\</path>
         <kind>archive</kind>
         <file>rts55x.lib</file>
         <name>autoinit.obj</name>
      </input_file>
      <input_file id="fl-2d">
         <path>C:\ti\ccsv6\tools\compiler\c5500_4.4.1\lib\</path>
         <kind>archive</kind>
         <file>rts55x.lib</file>
         <name>cmpd.obj</name>
      </input_file>
      <input_file id="fl-2e">
         <path>C:\ti\ccsv6\tools\compiler\c5500_4.4.1\lib\</path>
         <kind>archive</kind>
         <file>rts55x.lib</file>
         <name>ctype.obj</name>
      </input_file>
      <input_file id="fl-2f">
         <path>C:\ti\ccsv6\tools\compiler\c5500_4.4.1\lib\</path>
         <kind>archive</kind>
         <file>rts55x.lib</file>
         <name>defs.obj</name>
      </input_file>
      <input_file id="fl-30">
         <path>C:\ti\ccsv6\tools\compiler\c5500_4.4.1\lib\</path>
         <kind>archive</kind>
         <file>rts55x.lib</file>
         <name>divd.obj</name>
      </input_file>
      <input_file id="fl-31">
         <path>C:\ti\ccsv6\tools\compiler\c5500_4.4.1\lib\</path>
         <kind>archive</kind>
         <file>rts55x.lib</file>
         <name>fixdi.obj</name>
      </input_file>
      <input_file id="fl-32">
         <path>C:\ti\ccsv6\tools\compiler\c5500_4.4.1\lib\</path>
         <kind>archive</kind>
         <file>rts55x.lib</file>
         <name>fixdli.obj</name>
      </input_file>
      <input_file id="fl-33">
         <path>C:\ti\ccsv6\tools\compiler\c5500_4.4.1\lib\</path>
         <kind>archive</kind>
         <file>rts55x.lib</file>
         <name>fltlid.obj</name>
      </input_file>
      <input_file id="fl-34">
         <path>C:\ti\ccsv6\tools\compiler\c5500_4.4.1\lib\</path>
         <kind>archive</kind>
         <file>rts55x.lib</file>
         <name>fputc.obj</name>
      </input_file>
      <input_file id="fl-35">
         <path>C:\ti\ccsv6\tools\compiler\c5500_4.4.1\lib\</path>
         <kind>archive</kind>
         <file>rts55x.lib</file>
         <name>fputs.obj</name>
      </input_file>
      <input_file id="fl-36">
         <path>C:\ti\ccsv6\tools\compiler\c5500_4.4.1\lib\</path>
         <kind>archive</kind>
         <file>rts55x.lib</file>
         <name>frcmpyd_div.obj</name>
      </input_file>
      <input_file id="fl-37">
         <path>C:\ti\ccsv6\tools\compiler\c5500_4.4.1\lib\</path>
         <kind>archive</kind>
         <file>rts55x.lib</file>
         <name>isinf.obj</name>
      </input_file>
      <input_file id="fl-38">
         <path>C:\ti\ccsv6\tools\compiler\c5500_4.4.1\lib\</path>
         <kind>archive</kind>
         <file>rts55x.lib</file>
         <name>llmpy.obj</name>
      </input_file>
      <input_file id="fl-39">
         <path>C:\ti\ccsv6\tools\compiler\c5500_4.4.1\lib\</path>
         <kind>archive</kind>
         <file>rts55x.lib</file>
         <name>lowlev.obj</name>
      </input_file>
      <input_file id="fl-3a">
         <path>C:\ti\ccsv6\tools\compiler\c5500_4.4.1\lib\</path>
         <kind>archive</kind>
         <file>rts55x.lib</file>
         <name>ltoa.obj</name>
      </input_file>
      <input_file id="fl-3b">
         <path>C:\ti\ccsv6\tools\compiler\c5500_4.4.1\lib\</path>
         <kind>archive</kind>
         <file>rts55x.lib</file>
         <name>memccpy.obj</name>
      </input_file>
      <input_file id="fl-3c">
         <path>C:\ti\ccsv6\tools\compiler\c5500_4.4.1\lib\</path>
         <kind>archive</kind>
         <file>rts55x.lib</file>
         <name>memcpy.obj</name>
      </input_file>
      <input_file id="fl-3d">
         <path>C:\ti\ccsv6\tools\compiler\c5500_4.4.1\lib\</path>
         <kind>archive</kind>
         <file>rts55x.lib</file>
         <name>mpyd.obj</name>
      </input_file>
      <input_file id="fl-3e">
         <path>C:\ti\ccsv6\tools\compiler\c5500_4.4.1\lib\</path>
         <kind>archive</kind>
         <file>rts55x.lib</file>
         <name>negd.obj</name>
      </input_file>
      <input_file id="fl-3f">
         <path>C:\ti\ccsv6\tools\compiler\c5500_4.4.1\lib\</path>
         <kind>archive</kind>
         <file>rts55x.lib</file>
         <name>remli.obj</name>
      </input_file>
      <input_file id="fl-40">
         <path>C:\ti\ccsv6\tools\compiler\c5500_4.4.1\lib\</path>
         <kind>archive</kind>
         <file>rts55x.lib</file>
         <name>subd.obj</name>
      </input_file>
      <input_file id="fl-41">
         <path>C:\ti\ccsv6\tools\compiler\c5500_4.4.1\lib\</path>
         <kind>archive</kind>
         <file>rts55x.lib</file>
         <name>trgdrv.obj</name>
      </input_file>
      <input_file id="fl-42">
         <path>C:\ti\ccsv6\tools\compiler\c5500_4.4.1\lib\</path>
         <kind>archive</kind>
         <file>rts55x.lib</file>
         <name>trgmsg.obj</name>
      </input_file>
      <input_file id="fl-43">
         <path>C:\ti\ccsv6\tools\compiler\c5500_4.4.1\lib\</path>
         <kind>archive</kind>
         <file>rts55x.lib</file>
         <name>udiv.obj</name>
      </input_file>
      <input_file id="fl-44">
         <path>C:\ti\ccsv6\tools\compiler\c5500_4.4.1\lib\</path>
         <kind>archive</kind>
         <file>rts55x.lib</file>
         <name>_io_perm.obj</name>
      </input_file>
      <input_file id="fl-45">
         <path>C:\ti\ccsv6\tools\compiler\c5500_4.4.1\lib\</path>
         <kind>archive</kind>
         <file>rts55x.lib</file>
         <name>addd.obj</name>
      </input_file>
      <input_file id="fl-46">
         <path>C:\ti\ccsv6\tools\compiler\c5500_4.4.1\lib\</path>
         <kind>archive</kind>
         <file>rts55x.lib</file>
         <name>divli.obj</name>
      </input_file>
      <input_file id="fl-47">
         <path>C:\ti\ccsv6\tools\compiler\c5500_4.4.1\lib\</path>
         <kind>archive</kind>
         <file>rts55x.lib</file>
         <name>fflush.obj</name>
      </input_file>
      <input_file id="fl-48">
         <path>C:\ti\ccsv6\tools\compiler\c5500_4.4.1\lib\</path>
         <kind>archive</kind>
         <file>rts55x.lib</file>
         <name>frcmpyd.obj</name>
      </input_file>
      <input_file id="fl-49">
         <path>C:\ti\ccsv6\tools\compiler\c5500_4.4.1\lib\</path>
         <kind>archive</kind>
         <file>rts55x.lib</file>
         <name>fseek.obj</name>
      </input_file>
      <input_file id="fl-4a">
         <path>C:\ti\ccsv6\tools\compiler\c5500_4.4.1\lib\</path>
         <kind>archive</kind>
         <file>rts55x.lib</file>
         <name>setvbuf.obj</name>
      </input_file>
      <input_file id="fl-4b">
         <path>C:\ti\ccsv6\tools\compiler\c5500_4.4.1\lib\</path>
         <kind>archive</kind>
         <file>rts55x.lib</file>
         <name>fopen.obj</name>
      </input_file>
      <input_file id="fl-4c">
         <path>C:\ti\ccsv6\tools\compiler\c5500_4.4.1\lib\</path>
         <kind>archive</kind>
         <file>rts55x.lib</file>
         <name>memory.obj</name>
      </input_file>
      <input_file id="fl-4d">
         <path>C:\ti\ccsv6\tools\compiler\c5500_4.4.1\lib\</path>
         <kind>archive</kind>
         <file>rts55x.lib</file>
         <name>fclose.obj</name>
      </input_file>
      <input_file id="fl-4e">
         <path>C:\ti\ccsv6\tools\compiler\c5500_4.4.1\lib\</path>
         <kind>archive</kind>
         <file>rts55x.lib</file>
         <name>remove.obj</name>
      </input_file>
   </input_file_list>
   <object_component_list>
      <object_component id="oc-a5">
         <name>.text</name>
         <load_address>0x20000</load_address>
         <run_address>0x20000</run_address>
         <size>0x15a4</size>
         <input_file_ref idref="fl-29"/>
      </object_component>
      <object_component id="oc-75">
         <name>.text</name>
         <load_address>0x215a4</load_address>
         <run_address>0x215a4</run_address>
         <size>0xc3c</size>
         <input_file_ref idref="fl-1f"/>
      </object_component>
      <object_component id="oc-6e">
         <name>.text</name>
         <load_address>0x221e0</load_address>
         <run_address>0x221e0</run_address>
         <size>0x9f3</size>
         <input_file_ref idref="fl-1e"/>
      </object_component>
      <object_component id="oc-7b">
         <name>.text</name>
         <load_address>0x22bd3</load_address>
         <run_address>0x22bd3</run_address>
         <size>0x68d</size>
         <input_file_ref idref="fl-20"/>
      </object_component>
      <object_component id="oc-25">
         <name>.text</name>
         <load_address>0x23260</load_address>
         <run_address>0x23260</run_address>
         <size>0x5f8</size>
         <input_file_ref idref="fl-5"/>
      </object_component>
      <object_component id="oc-18">
         <name>.text</name>
         <load_address>0x23858</load_address>
         <run_address>0x23858</run_address>
         <size>0x5b5</size>
         <input_file_ref idref="fl-3"/>
      </object_component>
      <object_component id="oc-68">
         <name>.text</name>
         <load_address>0x23e0d</load_address>
         <run_address>0x23e0d</run_address>
         <size>0x554</size>
         <input_file_ref idref="fl-1d"/>
      </object_component>
      <object_component id="oc-e7">
         <name>.text</name>
         <load_address>0x24361</load_address>
         <run_address>0x24361</run_address>
         <size>0x543</size>
         <input_file_ref idref="fl-39"/>
      </object_component>
      <object_component id="oc-109">
         <name>.text</name>
         <load_address>0x248a4</load_address>
         <run_address>0x248a4</run_address>
         <size>0x528</size>
         <input_file_ref idref="fl-41"/>
      </object_component>
      <object_component id="oc-13a">
         <name>.text</name>
         <load_address>0x24dcc</load_address>
         <run_address>0x24dcc</run_address>
         <size>0x4b5</size>
         <input_file_ref idref="fl-4c"/>
      </object_component>
      <object_component id="oc-c1">
         <name>.text</name>
         <load_address>0x25281</load_address>
         <run_address>0x25281</run_address>
         <size>0x3cc</size>
         <input_file_ref idref="fl-30"/>
      </object_component>
      <object_component id="oc-1e">
         <name>.text</name>
         <load_address>0x2564d</load_address>
         <run_address>0x2564d</run_address>
         <size>0x31b</size>
         <input_file_ref idref="fl-4"/>
      </object_component>
      <object_component id="oc-2d">
         <name>.text</name>
         <load_address>0x25968</load_address>
         <run_address>0x25968</run_address>
         <size>0x2d2</size>
         <input_file_ref idref="fl-6"/>
      </object_component>
      <object_component id="oc-134">
         <name>.text</name>
         <load_address>0x25c3a</load_address>
         <run_address>0x25c3a</run_address>
         <size>0x27f</size>
         <input_file_ref idref="fl-4b"/>
      </object_component>
      <object_component id="oc-e3">
         <name>.text</name>
         <load_address>0x25eb9</load_address>
         <run_address>0x25eb9</run_address>
         <size>0x25e</size>
         <input_file_ref idref="fl-38"/>
      </object_component>
      <object_component id="oc-11c">
         <name>.text</name>
         <load_address>0x26117</load_address>
         <run_address>0x26117</run_address>
         <size>0x25a</size>
         <input_file_ref idref="fl-45"/>
      </object_component>
      <object_component id="oc-b7">
         <name>.text</name>
         <load_address>0x26371</load_address>
         <run_address>0x26371</run_address>
         <size>0x1ea</size>
         <input_file_ref idref="fl-2d"/>
      </object_component>
      <object_component id="oc-56">
         <name>.text</name>
         <load_address>0x2655b</load_address>
         <run_address>0x2655b</run_address>
         <size>0x1d3</size>
         <input_file_ref idref="fl-18"/>
      </object_component>
      <object_component id="oc-37">
         <name>.text</name>
         <load_address>0x2672e</load_address>
         <run_address>0x2672e</run_address>
         <size>0x192</size>
         <input_file_ref idref="fl-12"/>
      </object_component>
      <object_component id="oc-d6">
         <name>.text</name>
         <load_address>0x268c0</load_address>
         <run_address>0x268c0</run_address>
         <size>0x163</size>
         <input_file_ref idref="fl-35"/>
      </object_component>
      <object_component id="oc-f9">
         <name>.text</name>
         <load_address>0x26a23</load_address>
         <run_address>0x26a23</run_address>
         <size>0x14c</size>
         <input_file_ref idref="fl-3d"/>
      </object_component>
      <object_component id="oc-3c">
         <name>.text</name>
         <load_address>0x26b6f</load_address>
         <run_address>0x26b6f</run_address>
         <size>0x107</size>
         <input_file_ref idref="fl-13"/>
      </object_component>
      <object_component id="oc-130">
         <name>.text</name>
         <load_address>0x26c76</load_address>
         <run_address>0x26c76</run_address>
         <size>0xe6</size>
         <input_file_ref idref="fl-4a"/>
      </object_component>
      <object_component id="oc-118">
         <name>.text</name>
         <load_address>0x26d5c</load_address>
         <run_address>0x26d5c</run_address>
         <size>0xdd</size>
         <input_file_ref idref="fl-44"/>
      </object_component>
      <object_component id="oc-52">
         <name>.text</name>
         <load_address>0x26e39</load_address>
         <run_address>0x26e39</run_address>
         <size>0xd6</size>
         <input_file_ref idref="fl-17"/>
      </object_component>
      <object_component id="oc-21">
         <name>.text:retain</name>
         <load_address>0x26f0f</load_address>
         <run_address>0x26f0f</run_address>
         <size>0xcc</size>
         <input_file_ref idref="fl-4"/>
      </object_component>
      <object_component id="oc-12">
         <name>.text</name>
         <load_address>0x26fdb</load_address>
         <run_address>0x26fdb</run_address>
         <size>0xc3</size>
         <input_file_ref idref="fl-2"/>
      </object_component>
      <object_component id="oc-124">
         <name>.text</name>
         <load_address>0x2709e</load_address>
         <run_address>0x2709e</run_address>
         <size>0xc2</size>
         <input_file_ref idref="fl-47"/>
      </object_component>
      <object_component id="oc-111">
         <name>.text:CIO_breakpoint</name>
         <load_address>0x27160</load_address>
         <run_address>0x27160</run_address>
         <size>0xba</size>
         <input_file_ref idref="fl-42"/>
      </object_component>
      <object_component id="oc-d2">
         <name>.text</name>
         <load_address>0x2721a</load_address>
         <run_address>0x2721a</run_address>
         <size>0xa6</size>
         <input_file_ref idref="fl-34"/>
      </object_component>
      <object_component id="oc-84">
         <name>.text</name>
         <load_address>0x272c0</load_address>
         <run_address>0x272c0</run_address>
         <size>0xa1</size>
         <input_file_ref idref="fl-22"/>
      </object_component>
      <object_component id="oc-42">
         <name>.text</name>
         <load_address>0x27361</load_address>
         <run_address>0x27361</run_address>
         <size>0x8e</size>
         <input_file_ref idref="fl-14"/>
      </object_component>
      <object_component id="oc-5b">
         <name>.text</name>
         <load_address>0x273ef</load_address>
         <run_address>0x273ef</run_address>
         <size>0x8d</size>
         <input_file_ref idref="fl-1a"/>
      </object_component>
      <object_component id="oc-64">
         <name>.text</name>
         <load_address>0x2747c</load_address>
         <run_address>0x2747c</run_address>
         <size>0x8c</size>
         <input_file_ref idref="fl-1c"/>
      </object_component>
      <object_component id="oc-47">
         <name>.text</name>
         <load_address>0x27508</load_address>
         <run_address>0x27508</run_address>
         <size>0x87</size>
         <input_file_ref idref="fl-15"/>
      </object_component>
      <object_component id="oc-ed">
         <name>.text</name>
         <load_address>0x2758f</load_address>
         <run_address>0x2758f</run_address>
         <size>0x7d</size>
         <input_file_ref idref="fl-3a"/>
      </object_component>
      <object_component id="oc-141">
         <name>.text</name>
         <load_address>0x2760c</load_address>
         <run_address>0x2760c</run_address>
         <size>0x7b</size>
         <input_file_ref idref="fl-4d"/>
      </object_component>
      <object_component id="oc-128">
         <name>.text</name>
         <load_address>0x27687</load_address>
         <run_address>0x27687</run_address>
         <size>0x76</size>
         <input_file_ref idref="fl-48"/>
      </object_component>
      <object_component id="oc-db">
         <name>.text</name>
         <load_address>0x276fd</load_address>
         <run_address>0x276fd</run_address>
         <size>0x73</size>
         <input_file_ref idref="fl-36"/>
      </object_component>
      <object_component id="oc-97">
         <name>.text</name>
         <load_address>0x27770</load_address>
         <run_address>0x27770</run_address>
         <size>0x72</size>
         <input_file_ref idref="fl-26"/>
      </object_component>
      <object_component id="oc-c9">
         <name>.text</name>
         <load_address>0x277e2</load_address>
         <run_address>0x277e2</run_address>
         <size>0x6f</size>
         <input_file_ref idref="fl-32"/>
      </object_component>
      <object_component id="oc-5f">
         <name>.text</name>
         <load_address>0x27851</load_address>
         <run_address>0x27851</run_address>
         <size>0x6d</size>
         <input_file_ref idref="fl-1b"/>
      </object_component>
      <object_component id="oc-10e">
         <name>.text</name>
         <load_address>0x278be</load_address>
         <run_address>0x278be</run_address>
         <size>0x6d</size>
         <input_file_ref idref="fl-42"/>
      </object_component>
      <object_component id="oc-12c">
         <name>.text</name>
         <load_address>0x2792b</load_address>
         <run_address>0x2792b</run_address>
         <size>0x6b</size>
         <input_file_ref idref="fl-49"/>
      </object_component>
      <object_component id="oc-cd">
         <name>.text</name>
         <load_address>0x27996</load_address>
         <run_address>0x27996</run_address>
         <size>0x67</size>
         <input_file_ref idref="fl-33"/>
      </object_component>
      <object_component id="oc-af">
         <name>.text</name>
         <load_address>0x279fd</load_address>
         <run_address>0x279fd</run_address>
         <size>0x5c</size>
         <input_file_ref idref="fl-2b"/>
      </object_component>
      <object_component id="oc-4d">
         <name>.text</name>
         <load_address>0x27a59</load_address>
         <run_address>0x27a59</run_address>
         <size>0x54</size>
         <input_file_ref idref="fl-16"/>
      </object_component>
      <object_component id="oc-93">
         <name>.text</name>
         <load_address>0x27aad</load_address>
         <run_address>0x27aad</run_address>
         <size>0x50</size>
         <input_file_ref idref="fl-25"/>
      </object_component>
      <object_component id="oc-b3">
         <name>.text</name>
         <load_address>0x27afd</load_address>
         <run_address>0x27afd</run_address>
         <size>0x4d</size>
         <input_file_ref idref="fl-2c"/>
      </object_component>
      <object_component id="oc-ab">
         <name>.text</name>
         <load_address>0x27b4a</load_address>
         <run_address>0x27b4a</run_address>
         <size>0x4b</size>
         <input_file_ref idref="fl-2a"/>
      </object_component>
      <object_component id="oc-101">
         <name>.text</name>
         <load_address>0x27b95</load_address>
         <run_address>0x27b95</run_address>
         <size>0x4b</size>
         <input_file_ref idref="fl-3f"/>
      </object_component>
      <object_component id="oc-120">
         <name>.text</name>
         <load_address>0x27be0</load_address>
         <run_address>0x27be0</run_address>
         <size>0x48</size>
         <input_file_ref idref="fl-46"/>
      </object_component>
      <object_component id="oc-f5">
         <name>.text</name>
         <load_address>0x27c28</load_address>
         <run_address>0x27c28</run_address>
         <size>0x3f</size>
         <input_file_ref idref="fl-3c"/>
      </object_component>
      <object_component id="oc-88">
         <name>.text</name>
         <load_address>0x27c67</load_address>
         <run_address>0x27c67</run_address>
         <size>0x3e</size>
         <input_file_ref idref="fl-23"/>
      </object_component>
      <object_component id="oc-10">
         <name>.text</name>
         <load_address>0x27ca5</load_address>
         <run_address>0x27ca5</run_address>
         <size>0x34</size>
         <input_file_ref idref="fl-21"/>
      </object_component>
      <object_component id="oc-c5">
         <name>.text</name>
         <load_address>0x27cd9</load_address>
         <run_address>0x27cd9</run_address>
         <size>0x2a</size>
         <input_file_ref idref="fl-31"/>
      </object_component>
      <object_component id="oc-114">
         <name>.text</name>
         <load_address>0x27d03</load_address>
         <run_address>0x27d03</run_address>
         <size>0x2a</size>
         <input_file_ref idref="fl-43"/>
      </object_component>
      <object_component id="oc-f1">
         <name>.text</name>
         <load_address>0x27d2d</load_address>
         <run_address>0x27d2d</run_address>
         <size>0x23</size>
         <input_file_ref idref="fl-3b"/>
      </object_component>
      <object_component id="oc-df">
         <name>.text</name>
         <load_address>0x27d50</load_address>
         <run_address>0x27d50</run_address>
         <size>0x1a</size>
         <input_file_ref idref="fl-37"/>
      </object_component>
      <object_component id="oc-105">
         <name>.text</name>
         <load_address>0x27d6a</load_address>
         <run_address>0x27d6a</run_address>
         <size>0x14</size>
         <input_file_ref idref="fl-40"/>
      </object_component>
      <object_component id="oc-8f">
         <name>.text</name>
         <load_address>0x27d7e</load_address>
         <run_address>0x27d7e</run_address>
         <size>0x13</size>
         <input_file_ref idref="fl-24"/>
      </object_component>
      <object_component id="oc-9f">
         <name>.text</name>
         <load_address>0x27d91</load_address>
         <run_address>0x27d91</run_address>
         <size>0x12</size>
         <input_file_ref idref="fl-28"/>
      </object_component>
      <object_component id="oc-fd">
         <name>.text</name>
         <load_address>0x27da3</load_address>
         <run_address>0x27da3</run_address>
         <size>0x10</size>
         <input_file_ref idref="fl-3e"/>
      </object_component>
      <object_component id="oc-145">
         <name>.text</name>
         <load_address>0x27db3</load_address>
         <run_address>0x27db3</run_address>
         <size>0xa</size>
         <input_file_ref idref="fl-4e"/>
      </object_component>
      <object_component id="oc-8c">
         <name>.text:CIO_breakpoint</name>
         <load_address>0x27dbd</load_address>
         <run_address>0x27dbd</run_address>
         <size>0x7</size>
         <input_file_ref idref="fl-23"/>
      </object_component>
      <object_component id="oc-9b">
         <name>.text</name>
         <load_address>0x27dc4</load_address>
         <run_address>0x27dc4</run_address>
         <size>0x2</size>
         <input_file_ref idref="fl-27"/>
      </object_component>
      <object_component id="oc-80">
         <name>.stack</name>
         <uninitialized>true</uninitialized>
         <run_address>0xc0</run_address>
         <size>0x0</size>
         <input_file_ref idref="fl-21"/>
      </object_component>
      <object_component id="oc-165">
         <name>.stack</name>
         <uninitialized>true</uninitialized>
         <run_address>0xc0</run_address>
         <size>0x0</size>
      </object_component>
      <object_component id="oc-149">
         <name>.sysstack</name>
         <uninitialized>true</uninitialized>
         <run_address>0x20c0</run_address>
         <size>0x0</size>
         <input_file_ref idref="fl-21"/>
      </object_component>
      <object_component id="oc-167">
         <name>.sysstack</name>
         <uninitialized>true</uninitialized>
         <run_address>0x20c0</run_address>
         <size>0x0</size>
      </object_component>
      <object_component id="oc-1f">
         <name>.bss</name>
         <uninitialized>true</uninitialized>
         <run_address>0x50c0</run_address>
         <size>0x810</size>
         <input_file_ref idref="fl-4"/>
      </object_component>
      <object_component id="oc-26">
         <name>.bss</name>
         <uninitialized>true</uninitialized>
         <run_address>0x58d0</run_address>
         <size>0x638</size>
         <input_file_ref idref="fl-5"/>
      </object_component>
      <object_component id="oc-bd">
         <name>.bss</name>
         <uninitialized>true</uninitialized>
         <run_address>0x5f08</run_address>
         <size>0x232</size>
         <input_file_ref idref="fl-2f"/>
      </object_component>
      <object_component id="oc-135">
         <name>.bss</name>
         <uninitialized>true</uninitialized>
         <run_address>0x613a</run_address>
         <size>0x2</size>
         <input_file_ref idref="fl-4b"/>
      </object_component>
      <object_component id="oc-33">
         <name>.bss</name>
         <uninitialized>true</uninitialized>
         <run_address>0x613c</run_address>
         <size>0x204</size>
         <input_file_ref idref="fl-7"/>
      </object_component>
      <object_component id="oc-10a">
         <name>.bss</name>
         <uninitialized>true</uninitialized>
         <run_address>0x6340</run_address>
         <size>0x1a0</size>
         <input_file_ref idref="fl-41"/>
      </object_component>
      <object_component id="oc-69">
         <name>.bss</name>
         <uninitialized>true</uninitialized>
         <run_address>0x64e0</run_address>
         <size>0x108</size>
         <input_file_ref idref="fl-1d"/>
      </object_component>
      <object_component id="oc-e8">
         <name>.bss</name>
         <uninitialized>true</uninitialized>
         <run_address>0x65e8</run_address>
         <size>0xe2</size>
         <input_file_ref idref="fl-39"/>
      </object_component>
      <object_component id="oc-6f">
         <name>.bss</name>
         <uninitialized>true</uninitialized>
         <run_address>0x66ca</run_address>
         <size>0x54</size>
         <input_file_ref idref="fl-1e"/>
      </object_component>
      <object_component id="oc-76">
         <name>.bss</name>
         <uninitialized>true</uninitialized>
         <run_address>0x6720</run_address>
         <size>0x24</size>
         <input_file_ref idref="fl-1f"/>
      </object_component>
      <object_component id="oc-13b">
         <name>.bss</name>
         <uninitialized>true</uninitialized>
         <run_address>0x6744</run_address>
         <size>0xc</size>
         <input_file_ref idref="fl-4c"/>
      </object_component>
      <object_component id="oc-48">
         <name>.bss</name>
         <uninitialized>true</uninitialized>
         <run_address>0x6750</run_address>
         <size>0x8</size>
         <input_file_ref idref="fl-15"/>
      </object_component>
      <object_component id="oc-a0">
         <name>.bss</name>
         <uninitialized>true</uninitialized>
         <run_address>0x6758</run_address>
         <size>0x8</size>
         <input_file_ref idref="fl-28"/>
      </object_component>
      <object_component id="oc-89">
         <name>.bss</name>
         <uninitialized>true</uninitialized>
         <run_address>0x6760</run_address>
         <size>0x8</size>
         <input_file_ref idref="fl-23"/>
      </object_component>
      <object_component id="oc-13">
         <name>.bss</name>
         <uninitialized>true</uninitialized>
         <run_address>0x6768</run_address>
         <size>0x4</size>
         <input_file_ref idref="fl-2"/>
      </object_component>
      <object_component id="oc-3d">
         <name>.bss</name>
         <uninitialized>true</uninitialized>
         <run_address>0x676c</run_address>
         <size>0x4</size>
         <input_file_ref idref="fl-13"/>
      </object_component>
      <object_component id="oc-5a">
         <name>.const:twiddle</name>
         <load_address>0x6800</load_address>
         <run_address>0x6800</run_address>
         <size>0x800</size>
         <input_file_ref idref="fl-19"/>
      </object_component>
      <object_component id="oc-1a">
         <name>.const:.string</name>
         <load_address>0x7000</load_address>
         <run_address>0x7000</run_address>
         <size>0x2e8</size>
         <input_file_ref idref="fl-3"/>
      </object_component>
      <object_component id="oc-14c">
         <name>.const:__ctypes_</name>
         <load_address>0x72e8</load_address>
         <run_address>0x72e8</run_address>
         <size>0x202</size>
         <input_file_ref idref="fl-2e"/>
      </object_component>
      <object_component id="oc-14b">
         <name>.const:_consolas_8ptBitmaps</name>
         <load_address>0x74ea</load_address>
         <run_address>0x74ea</run_address>
         <size>0xc0</size>
         <input_file_ref idref="fl-6"/>
      </object_component>
      <object_component id="oc-2f">
         <name>.const</name>
         <load_address>0x75aa</load_address>
         <run_address>0x75aa</run_address>
         <size>0x2</size>
         <input_file_ref idref="fl-6"/>
      </object_component>
      <object_component id="oc-a8">
         <name>.const:.string</name>
         <load_address>0x75ac</load_address>
         <run_address>0x75ac</run_address>
         <size>0x48</size>
         <input_file_ref idref="fl-29"/>
      </object_component>
      <object_component id="oc-29">
         <name>.const:.string</name>
         <load_address>0x75f4</load_address>
         <run_address>0x75f4</run_address>
         <size>0x24</size>
         <input_file_ref idref="fl-5"/>
      </object_component>
      <object_component id="oc-a7">
         <name>.const</name>
         <load_address>0x7618</load_address>
         <run_address>0x7618</run_address>
         <size>0x18</size>
         <input_file_ref idref="fl-29"/>
      </object_component>
      <object_component id="oc-14d">
         <name>.const:_initial_approx$1</name>
         <load_address>0x7630</load_address>
         <run_address>0x7630</run_address>
         <size>0x10</size>
         <input_file_ref idref="fl-30"/>
      </object_component>
      <object_component id="oc-d8">
         <name>.const:.string</name>
         <load_address>0x7640</load_address>
         <run_address>0x7640</run_address>
         <size>0x4</size>
         <input_file_ref idref="fl-35"/>
      </object_component>
      <object_component id="oc-cf">
         <name>.const</name>
         <load_address>0x7644</load_address>
         <run_address>0x7644</run_address>
         <size>0x4</size>
         <input_file_ref idref="fl-33"/>
      </object_component>
      <object_component id="oc-13e">
         <name>.sysmem</name>
         <uninitialized>true</uninitialized>
         <run_address>0x30c0</run_address>
         <size>0x0</size>
         <input_file_ref idref="fl-4c"/>
      </object_component>
      <object_component id="oc-166">
         <name>.sysmem</name>
         <uninitialized>true</uninitialized>
         <run_address>0x30c0</run_address>
         <size>0x0</size>
      </object_component>
      <object_component id="oc-14a">
         <name>.switch:_printChar</name>
         <load_address>0x40580</load_address>
         <run_address>0x40580</run_address>
         <size>0x28</size>
         <input_file_ref idref="fl-6"/>
      </object_component>
      <object_component id="oc-35">
         <name>.cinit</name>
         <load_address>0x40000</load_address>
         <run_address>0x40000</run_address>
         <size>0x210</size>
         <input_file_ref idref="fl-7"/>
      </object_component>
      <object_component id="oc-ea">
         <name>.cinit</name>
         <load_address>0x40210</load_address>
         <run_address>0x40210</run_address>
         <size>0x5a</size>
         <input_file_ref idref="fl-39"/>
      </object_component>
      <object_component id="oc-bf">
         <name>.cinit</name>
         <load_address>0x4026a</load_address>
         <run_address>0x4026a</run_address>
         <size>0x54</size>
         <input_file_ref idref="fl-2f"/>
      </object_component>
      <object_component id="oc-28">
         <name>.cinit</name>
         <load_address>0x402be</load_address>
         <run_address>0x402be</run_address>
         <size>0x36</size>
         <input_file_ref idref="fl-5"/>
      </object_component>
      <object_component id="oc-a2">
         <name>.cinit</name>
         <load_address>0x402f4</load_address>
         <run_address>0x402f4</run_address>
         <size>0x14</size>
         <input_file_ref idref="fl-28"/>
      </object_component>
      <object_component id="oc-8b">
         <name>.cinit</name>
         <load_address>0x40308</load_address>
         <run_address>0x40308</run_address>
         <size>0x14</size>
         <input_file_ref idref="fl-23"/>
      </object_component>
      <object_component id="oc-71">
         <name>.cinit</name>
         <load_address>0x4031c</load_address>
         <run_address>0x4031c</run_address>
         <size>0x10</size>
         <input_file_ref idref="fl-1e"/>
      </object_component>
      <object_component id="oc-137">
         <name>.cinit</name>
         <load_address>0x4032c</load_address>
         <run_address>0x4032c</run_address>
         <size>0x8</size>
         <input_file_ref idref="fl-4b"/>
      </object_component>
      <object_component id="oc-13d">
         <name>.cinit</name>
         <load_address>0x40334</load_address>
         <run_address>0x40334</run_address>
         <size>0x8</size>
         <input_file_ref idref="fl-4c"/>
      </object_component>
      <object_component id="oc-110">
         <name>.cio</name>
         <uninitialized>true</uninitialized>
         <run_address>0x40340</run_address>
         <size>0x240</size>
         <input_file_ref idref="fl-42"/>
      </object_component>
      <object_component id="oc-60">
         <name>vectors</name>
         <load_address>0x4fe00</load_address>
         <run_address>0x4fe00</run_address>
         <size>0x100</size>
         <input_file_ref idref="fl-1b"/>
      </object_component>
      <object_component id="oc-11">
         <name>vectors</name>
         <load_address>0x4ff00</load_address>
         <run_address>0x4ff00</run_address>
         <size>0x100</size>
         <input_file_ref idref="fl-27"/>
      </object_component>
      <object_component id="oc-14">
         <name>.debug_info</name>
         <load_address>0x0</load_address>
         <run_address>0x0</run_address>
         <size>0xc7c</size>
         <input_file_ref idref="fl-2"/>
      </object_component>
      <object_component id="oc-19">
         <name>.debug_info</name>
         <load_address>0xc7c</load_address>
         <run_address>0xc7c</run_address>
         <size>0x1bd3</size>
         <input_file_ref idref="fl-3"/>
      </object_component>
      <object_component id="oc-20">
         <name>.debug_info</name>
         <load_address>0x284f</load_address>
         <run_address>0x284f</run_address>
         <size>0x107a</size>
         <input_file_ref idref="fl-4"/>
      </object_component>
      <object_component id="oc-27">
         <name>.debug_info</name>
         <load_address>0x38c9</load_address>
         <run_address>0x38c9</run_address>
         <size>0x1450</size>
         <input_file_ref idref="fl-5"/>
      </object_component>
      <object_component id="oc-2e">
         <name>.debug_info</name>
         <load_address>0x4d19</load_address>
         <run_address>0x4d19</run_address>
         <size>0xd23</size>
         <input_file_ref idref="fl-6"/>
      </object_component>
      <object_component id="oc-34">
         <name>.debug_info</name>
         <load_address>0x5a3c</load_address>
         <run_address>0x5a3c</run_address>
         <size>0x4e3</size>
         <input_file_ref idref="fl-7"/>
      </object_component>
      <object_component id="oc-38">
         <name>.debug_info</name>
         <load_address>0x5f1f</load_address>
         <run_address>0x5f1f</run_address>
         <size>0x5f6b</size>
         <input_file_ref idref="fl-12"/>
      </object_component>
      <object_component id="oc-3e">
         <name>.debug_info</name>
         <load_address>0xbe8a</load_address>
         <run_address>0xbe8a</run_address>
         <size>0x6979</size>
         <input_file_ref idref="fl-13"/>
      </object_component>
      <object_component id="oc-43">
         <name>.debug_info</name>
         <load_address>0x12803</load_address>
         <run_address>0x12803</run_address>
         <size>0x65d7</size>
         <input_file_ref idref="fl-14"/>
      </object_component>
      <object_component id="oc-49">
         <name>.debug_info</name>
         <load_address>0x18dda</load_address>
         <run_address>0x18dda</run_address>
         <size>0x63d2</size>
         <input_file_ref idref="fl-15"/>
      </object_component>
      <object_component id="oc-4e">
         <name>.debug_info</name>
         <load_address>0x1f1ac</load_address>
         <run_address>0x1f1ac</run_address>
         <size>0x5896</size>
         <input_file_ref idref="fl-16"/>
      </object_component>
      <object_component id="oc-53">
         <name>.debug_info</name>
         <load_address>0x24a42</load_address>
         <run_address>0x24a42</run_address>
         <size>0xcf</size>
         <input_file_ref idref="fl-17"/>
      </object_component>
      <object_component id="oc-57">
         <name>.debug_info</name>
         <load_address>0x24b11</load_address>
         <run_address>0x24b11</run_address>
         <size>0xda</size>
         <input_file_ref idref="fl-18"/>
      </object_component>
      <object_component id="oc-5c">
         <name>.debug_info</name>
         <load_address>0x24beb</load_address>
         <run_address>0x24beb</run_address>
         <size>0xd1</size>
         <input_file_ref idref="fl-1a"/>
      </object_component>
      <object_component id="oc-61">
         <name>.debug_info</name>
         <load_address>0x24cbc</load_address>
         <run_address>0x24cbc</run_address>
         <size>0x1a4</size>
         <input_file_ref idref="fl-1b"/>
      </object_component>
      <object_component id="oc-65">
         <name>.debug_info</name>
         <load_address>0x24e60</load_address>
         <run_address>0x24e60</run_address>
         <size>0x18e</size>
         <input_file_ref idref="fl-1c"/>
      </object_component>
      <object_component id="oc-6a">
         <name>.debug_info</name>
         <load_address>0x24fee</load_address>
         <run_address>0x24fee</run_address>
         <size>0x6f61</size>
         <input_file_ref idref="fl-1d"/>
      </object_component>
      <object_component id="oc-70">
         <name>.debug_info</name>
         <load_address>0x2bf4f</load_address>
         <run_address>0x2bf4f</run_address>
         <size>0x710f</size>
         <input_file_ref idref="fl-1e"/>
      </object_component>
      <object_component id="oc-77">
         <name>.debug_info</name>
         <load_address>0x3305e</load_address>
         <run_address>0x3305e</run_address>
         <size>0x7424</size>
         <input_file_ref idref="fl-1f"/>
      </object_component>
      <object_component id="oc-7c">
         <name>.debug_info</name>
         <load_address>0x3a482</load_address>
         <run_address>0x3a482</run_address>
         <size>0x6ced</size>
         <input_file_ref idref="fl-20"/>
      </object_component>
      <object_component id="oc-81">
         <name>.debug_info</name>
         <load_address>0x4116f</load_address>
         <run_address>0x4116f</run_address>
         <size>0xe8</size>
         <input_file_ref idref="fl-21"/>
      </object_component>
      <object_component id="oc-85">
         <name>.debug_info</name>
         <load_address>0x41257</load_address>
         <run_address>0x41257</run_address>
         <size>0x534</size>
         <input_file_ref idref="fl-22"/>
      </object_component>
      <object_component id="oc-8a">
         <name>.debug_info</name>
         <load_address>0x4178b</load_address>
         <run_address>0x4178b</run_address>
         <size>0x5fb</size>
         <input_file_ref idref="fl-23"/>
      </object_component>
      <object_component id="oc-90">
         <name>.debug_info</name>
         <load_address>0x41d86</load_address>
         <run_address>0x41d86</run_address>
         <size>0xbd</size>
         <input_file_ref idref="fl-24"/>
      </object_component>
      <object_component id="oc-94">
         <name>.debug_info</name>
         <load_address>0x41e43</load_address>
         <run_address>0x41e43</run_address>
         <size>0x76c</size>
         <input_file_ref idref="fl-25"/>
      </object_component>
      <object_component id="oc-98">
         <name>.debug_info</name>
         <load_address>0x425af</load_address>
         <run_address>0x425af</run_address>
         <size>0x534</size>
         <input_file_ref idref="fl-26"/>
      </object_component>
      <object_component id="oc-9c">
         <name>.debug_info</name>
         <load_address>0x42ae3</load_address>
         <run_address>0x42ae3</run_address>
         <size>0xbc</size>
         <input_file_ref idref="fl-27"/>
      </object_component>
      <object_component id="oc-a1">
         <name>.debug_info</name>
         <load_address>0x42b9f</load_address>
         <run_address>0x42b9f</run_address>
         <size>0x5bc</size>
         <input_file_ref idref="fl-28"/>
      </object_component>
      <object_component id="oc-a6">
         <name>.debug_info</name>
         <load_address>0x4315b</load_address>
         <run_address>0x4315b</run_address>
         <size>0x27bd</size>
         <input_file_ref idref="fl-29"/>
      </object_component>
      <object_component id="oc-ac">
         <name>.debug_info</name>
         <load_address>0x45918</load_address>
         <run_address>0x45918</run_address>
         <size>0x586</size>
         <input_file_ref idref="fl-2a"/>
      </object_component>
      <object_component id="oc-b0">
         <name>.debug_info</name>
         <load_address>0x45e9e</load_address>
         <run_address>0x45e9e</run_address>
         <size>0x5a4</size>
         <input_file_ref idref="fl-2b"/>
      </object_component>
      <object_component id="oc-b4">
         <name>.debug_info</name>
         <load_address>0x46442</load_address>
         <run_address>0x46442</run_address>
         <size>0xcd</size>
         <input_file_ref idref="fl-2c"/>
      </object_component>
      <object_component id="oc-b8">
         <name>.debug_info</name>
         <load_address>0x4650f</load_address>
         <run_address>0x4650f</run_address>
         <size>0x81f</size>
         <input_file_ref idref="fl-2d"/>
      </object_component>
      <object_component id="oc-bb">
         <name>.debug_info</name>
         <load_address>0x46d2e</load_address>
         <run_address>0x46d2e</run_address>
         <size>0x498</size>
         <input_file_ref idref="fl-2e"/>
      </object_component>
      <object_component id="oc-be">
         <name>.debug_info</name>
         <load_address>0x471c6</load_address>
         <run_address>0x471c6</run_address>
         <size>0x57e</size>
         <input_file_ref idref="fl-2f"/>
      </object_component>
      <object_component id="oc-c2">
         <name>.debug_info</name>
         <load_address>0x47744</load_address>
         <run_address>0x47744</run_address>
         <size>0x7e8</size>
         <input_file_ref idref="fl-30"/>
      </object_component>
      <object_component id="oc-c6">
         <name>.debug_info</name>
         <load_address>0x47f2c</load_address>
         <run_address>0x47f2c</run_address>
         <size>0x4cf</size>
         <input_file_ref idref="fl-31"/>
      </object_component>
      <object_component id="oc-ca">
         <name>.debug_info</name>
         <load_address>0x483fb</load_address>
         <run_address>0x483fb</run_address>
         <size>0x534</size>
         <input_file_ref idref="fl-32"/>
      </object_component>
      <object_component id="oc-ce">
         <name>.debug_info</name>
         <load_address>0x4892f</load_address>
         <run_address>0x4892f</run_address>
         <size>0x549</size>
         <input_file_ref idref="fl-33"/>
      </object_component>
      <object_component id="oc-d3">
         <name>.debug_info</name>
         <load_address>0x48e78</load_address>
         <run_address>0x48e78</run_address>
         <size>0x6aa</size>
         <input_file_ref idref="fl-34"/>
      </object_component>
      <object_component id="oc-d7">
         <name>.debug_info</name>
         <load_address>0x49522</load_address>
         <run_address>0x49522</run_address>
         <size>0x942</size>
         <input_file_ref idref="fl-35"/>
      </object_component>
      <object_component id="oc-dc">
         <name>.debug_info</name>
         <load_address>0x49e64</load_address>
         <run_address>0x49e64</run_address>
         <size>0x53e</size>
         <input_file_ref idref="fl-36"/>
      </object_component>
      <object_component id="oc-e0">
         <name>.debug_info</name>
         <load_address>0x4a3a2</load_address>
         <run_address>0x4a3a2</run_address>
         <size>0x680</size>
         <input_file_ref idref="fl-37"/>
      </object_component>
      <object_component id="oc-e4">
         <name>.debug_info</name>
         <load_address>0x4aa22</load_address>
         <run_address>0x4aa22</run_address>
         <size>0x7d4</size>
         <input_file_ref idref="fl-38"/>
      </object_component>
      <object_component id="oc-e9">
         <name>.debug_info</name>
         <load_address>0x4b1f6</load_address>
         <run_address>0x4b1f6</run_address>
         <size>0x144b</size>
         <input_file_ref idref="fl-39"/>
      </object_component>
      <object_component id="oc-ee">
         <name>.debug_info</name>
         <load_address>0x4c641</load_address>
         <run_address>0x4c641</run_address>
         <size>0x5ad</size>
         <input_file_ref idref="fl-3a"/>
      </object_component>
      <object_component id="oc-f2">
         <name>.debug_info</name>
         <load_address>0x4cbee</load_address>
         <run_address>0x4cbee</run_address>
         <size>0x574</size>
         <input_file_ref idref="fl-3b"/>
      </object_component>
      <object_component id="oc-f6">
         <name>.debug_info</name>
         <load_address>0x4d162</load_address>
         <run_address>0x4d162</run_address>
         <size>0xd1</size>
         <input_file_ref idref="fl-3c"/>
      </object_component>
      <object_component id="oc-fa">
         <name>.debug_info</name>
         <load_address>0x4d233</load_address>
         <run_address>0x4d233</run_address>
         <size>0x55b</size>
         <input_file_ref idref="fl-3d"/>
      </object_component>
      <object_component id="oc-fe">
         <name>.debug_info</name>
         <load_address>0x4d78e</load_address>
         <run_address>0x4d78e</run_address>
         <size>0x4b7</size>
         <input_file_ref idref="fl-3e"/>
      </object_component>
      <object_component id="oc-102">
         <name>.debug_info</name>
         <load_address>0x4dc45</load_address>
         <run_address>0x4dc45</run_address>
         <size>0x4f2</size>
         <input_file_ref idref="fl-3f"/>
      </object_component>
      <object_component id="oc-106">
         <name>.debug_info</name>
         <load_address>0x4e137</load_address>
         <run_address>0x4e137</run_address>
         <size>0x4de</size>
         <input_file_ref idref="fl-40"/>
      </object_component>
      <object_component id="oc-10b">
         <name>.debug_info</name>
         <load_address>0x4e615</load_address>
         <run_address>0x4e615</run_address>
         <size>0xed4</size>
         <input_file_ref idref="fl-41"/>
      </object_component>
      <object_component id="oc-10f">
         <name>.debug_info</name>
         <load_address>0x4f4e9</load_address>
         <run_address>0x4f4e9</run_address>
         <size>0x744</size>
         <input_file_ref idref="fl-42"/>
      </object_component>
      <object_component id="oc-115">
         <name>.debug_info</name>
         <load_address>0x4fc2d</load_address>
         <run_address>0x4fc2d</run_address>
         <size>0xef</size>
         <input_file_ref idref="fl-43"/>
      </object_component>
      <object_component id="oc-119">
         <name>.debug_info</name>
         <load_address>0x4fd1c</load_address>
         <run_address>0x4fd1c</run_address>
         <size>0x662</size>
         <input_file_ref idref="fl-44"/>
      </object_component>
      <object_component id="oc-11d">
         <name>.debug_info</name>
         <load_address>0x5037e</load_address>
         <run_address>0x5037e</run_address>
         <size>0x5ab</size>
         <input_file_ref idref="fl-45"/>
      </object_component>
      <object_component id="oc-121">
         <name>.debug_info</name>
         <load_address>0x50929</load_address>
         <run_address>0x50929</run_address>
         <size>0x4f2</size>
         <input_file_ref idref="fl-46"/>
      </object_component>
      <object_component id="oc-125">
         <name>.debug_info</name>
         <load_address>0x50e1b</load_address>
         <run_address>0x50e1b</run_address>
         <size>0x706</size>
         <input_file_ref idref="fl-47"/>
      </object_component>
      <object_component id="oc-129">
         <name>.debug_info</name>
         <load_address>0x51521</load_address>
         <run_address>0x51521</run_address>
         <size>0x4d2</size>
         <input_file_ref idref="fl-48"/>
      </object_component>
      <object_component id="oc-12d">
         <name>.debug_info</name>
         <load_address>0x519f3</load_address>
         <run_address>0x519f3</run_address>
         <size>0x5f7</size>
         <input_file_ref idref="fl-49"/>
      </object_component>
      <object_component id="oc-131">
         <name>.debug_info</name>
         <load_address>0x51fea</load_address>
         <run_address>0x51fea</run_address>
         <size>0x64a</size>
         <input_file_ref idref="fl-4a"/>
      </object_component>
      <object_component id="oc-136">
         <name>.debug_info</name>
         <load_address>0x52634</load_address>
         <run_address>0x52634</run_address>
         <size>0xa1c</size>
         <input_file_ref idref="fl-4b"/>
      </object_component>
      <object_component id="oc-13c">
         <name>.debug_info</name>
         <load_address>0x53050</load_address>
         <run_address>0x53050</run_address>
         <size>0xb97</size>
         <input_file_ref idref="fl-4c"/>
      </object_component>
      <object_component id="oc-142">
         <name>.debug_info</name>
         <load_address>0x53be7</load_address>
         <run_address>0x53be7</run_address>
         <size>0x64f</size>
         <input_file_ref idref="fl-4d"/>
      </object_component>
      <object_component id="oc-146">
         <name>.debug_info</name>
         <load_address>0x54236</load_address>
         <run_address>0x54236</run_address>
         <size>0x510</size>
         <input_file_ref idref="fl-4e"/>
      </object_component>
      <object_component id="oc-16d">
         <name>.debug_info</name>
         <load_address>0x54746</load_address>
         <run_address>0x54746</run_address>
         <size>0x6e</size>
      </object_component>
      <object_component id="oc-15">
         <name>.debug_frame</name>
         <load_address>0x0</load_address>
         <run_address>0x0</run_address>
         <size>0x171</size>
         <input_file_ref idref="fl-2"/>
      </object_component>
      <object_component id="oc-1b">
         <name>.debug_frame</name>
         <load_address>0x171</load_address>
         <run_address>0x171</run_address>
         <size>0x121</size>
         <input_file_ref idref="fl-3"/>
      </object_component>
      <object_component id="oc-22">
         <name>.debug_frame</name>
         <load_address>0x292</load_address>
         <run_address>0x292</run_address>
         <size>0x16a</size>
         <input_file_ref idref="fl-4"/>
      </object_component>
      <object_component id="oc-2a">
         <name>.debug_frame</name>
         <load_address>0x3fc</load_address>
         <run_address>0x3fc</run_address>
         <size>0xfc</size>
         <input_file_ref idref="fl-5"/>
      </object_component>
      <object_component id="oc-30">
         <name>.debug_frame</name>
         <load_address>0x4f8</load_address>
         <run_address>0x4f8</run_address>
         <size>0x13b</size>
         <input_file_ref idref="fl-6"/>
      </object_component>
      <object_component id="oc-39">
         <name>.debug_frame</name>
         <load_address>0x633</load_address>
         <run_address>0x633</run_address>
         <size>0x13a</size>
         <input_file_ref idref="fl-12"/>
      </object_component>
      <object_component id="oc-3f">
         <name>.debug_frame</name>
         <load_address>0x76d</load_address>
         <run_address>0x76d</run_address>
         <size>0x171</size>
         <input_file_ref idref="fl-13"/>
      </object_component>
      <object_component id="oc-44">
         <name>.debug_frame</name>
         <load_address>0x8de</load_address>
         <run_address>0x8de</run_address>
         <size>0x138</size>
         <input_file_ref idref="fl-14"/>
      </object_component>
      <object_component id="oc-4a">
         <name>.debug_frame</name>
         <load_address>0xa16</load_address>
         <run_address>0xa16</run_address>
         <size>0x138</size>
         <input_file_ref idref="fl-15"/>
      </object_component>
      <object_component id="oc-4f">
         <name>.debug_frame</name>
         <load_address>0xb4e</load_address>
         <run_address>0xb4e</run_address>
         <size>0x116</size>
         <input_file_ref idref="fl-16"/>
      </object_component>
      <object_component id="oc-6b">
         <name>.debug_frame</name>
         <load_address>0xc64</load_address>
         <run_address>0xc64</run_address>
         <size>0x2a1</size>
         <input_file_ref idref="fl-1d"/>
      </object_component>
      <object_component id="oc-72">
         <name>.debug_frame</name>
         <load_address>0xf05</load_address>
         <run_address>0xf05</run_address>
         <size>0x197</size>
         <input_file_ref idref="fl-1e"/>
      </object_component>
      <object_component id="oc-78">
         <name>.debug_frame</name>
         <load_address>0x109c</load_address>
         <run_address>0x109c</run_address>
         <size>0x1ef</size>
         <input_file_ref idref="fl-1f"/>
      </object_component>
      <object_component id="oc-7d">
         <name>.debug_frame</name>
         <load_address>0x128b</load_address>
         <run_address>0x128b</run_address>
         <size>0x224</size>
         <input_file_ref idref="fl-20"/>
      </object_component>
      <object_component id="oc-16">
         <name>.debug_line</name>
         <load_address>0x0</load_address>
         <run_address>0x0</run_address>
         <size>0xd0</size>
         <input_file_ref idref="fl-2"/>
      </object_component>
      <object_component id="oc-1c">
         <name>.debug_line</name>
         <load_address>0xd0</load_address>
         <run_address>0xd0</run_address>
         <size>0x253</size>
         <input_file_ref idref="fl-3"/>
      </object_component>
      <object_component id="oc-23">
         <name>.debug_line</name>
         <load_address>0x323</load_address>
         <run_address>0x323</run_address>
         <size>0x198</size>
         <input_file_ref idref="fl-4"/>
      </object_component>
      <object_component id="oc-2b">
         <name>.debug_line</name>
         <load_address>0x4bb</load_address>
         <run_address>0x4bb</run_address>
         <size>0x200</size>
         <input_file_ref idref="fl-5"/>
      </object_component>
      <object_component id="oc-31">
         <name>.debug_line</name>
         <load_address>0x6bb</load_address>
         <run_address>0x6bb</run_address>
         <size>0x1d6</size>
         <input_file_ref idref="fl-6"/>
      </object_component>
      <object_component id="oc-3a">
         <name>.debug_line</name>
         <load_address>0x891</load_address>
         <run_address>0x891</run_address>
         <size>0x6ca</size>
         <input_file_ref idref="fl-12"/>
      </object_component>
      <object_component id="oc-40">
         <name>.debug_line</name>
         <load_address>0xf5b</load_address>
         <run_address>0xf5b</run_address>
         <size>0x69c</size>
         <input_file_ref idref="fl-13"/>
      </object_component>
      <object_component id="oc-45">
         <name>.debug_line</name>
         <load_address>0x15f7</load_address>
         <run_address>0x15f7</run_address>
         <size>0x659</size>
         <input_file_ref idref="fl-14"/>
      </object_component>
      <object_component id="oc-4b">
         <name>.debug_line</name>
         <load_address>0x1c50</load_address>
         <run_address>0x1c50</run_address>
         <size>0x653</size>
         <input_file_ref idref="fl-15"/>
      </object_component>
      <object_component id="oc-50">
         <name>.debug_line</name>
         <load_address>0x22a3</load_address>
         <run_address>0x22a3</run_address>
         <size>0x59c</size>
         <input_file_ref idref="fl-16"/>
      </object_component>
      <object_component id="oc-54">
         <name>.debug_line</name>
         <load_address>0x283f</load_address>
         <run_address>0x283f</run_address>
         <size>0x83</size>
         <input_file_ref idref="fl-17"/>
      </object_component>
      <object_component id="oc-58">
         <name>.debug_line</name>
         <load_address>0x28c2</load_address>
         <run_address>0x28c2</run_address>
         <size>0xfe</size>
         <input_file_ref idref="fl-18"/>
      </object_component>
      <object_component id="oc-5d">
         <name>.debug_line</name>
         <load_address>0x29c0</load_address>
         <run_address>0x29c0</run_address>
         <size>0x65</size>
         <input_file_ref idref="fl-1a"/>
      </object_component>
      <object_component id="oc-62">
         <name>.debug_line</name>
         <load_address>0x2a25</load_address>
         <run_address>0x2a25</run_address>
         <size>0xa8</size>
         <input_file_ref idref="fl-1b"/>
      </object_component>
      <object_component id="oc-66">
         <name>.debug_line</name>
         <load_address>0x2acd</load_address>
         <run_address>0x2acd</run_address>
         <size>0xab</size>
         <input_file_ref idref="fl-1c"/>
      </object_component>
      <object_component id="oc-6c">
         <name>.debug_line</name>
         <load_address>0x2b78</load_address>
         <run_address>0x2b78</run_address>
         <size>0x83c</size>
         <input_file_ref idref="fl-1d"/>
      </object_component>
      <object_component id="oc-73">
         <name>.debug_line</name>
         <load_address>0x33b4</load_address>
         <run_address>0x33b4</run_address>
         <size>0x94c</size>
         <input_file_ref idref="fl-1e"/>
      </object_component>
      <object_component id="oc-79">
         <name>.debug_line</name>
         <load_address>0x3d00</load_address>
         <run_address>0x3d00</run_address>
         <size>0x96d</size>
         <input_file_ref idref="fl-1f"/>
      </object_component>
      <object_component id="oc-7e">
         <name>.debug_line</name>
         <load_address>0x466d</load_address>
         <run_address>0x466d</run_address>
         <size>0x7c8</size>
         <input_file_ref idref="fl-20"/>
      </object_component>
      <object_component id="oc-82">
         <name>.debug_line</name>
         <load_address>0x4e35</load_address>
         <run_address>0x4e35</run_address>
         <size>0x54</size>
         <input_file_ref idref="fl-21"/>
      </object_component>
      <object_component id="oc-86">
         <name>.debug_line</name>
         <load_address>0x4e89</load_address>
         <run_address>0x4e89</run_address>
         <size>0x44</size>
         <input_file_ref idref="fl-22"/>
      </object_component>
      <object_component id="oc-8d">
         <name>.debug_line</name>
         <load_address>0x4ecd</load_address>
         <run_address>0x4ecd</run_address>
         <size>0x51</size>
         <input_file_ref idref="fl-23"/>
      </object_component>
      <object_component id="oc-91">
         <name>.debug_line</name>
         <load_address>0x4f1e</load_address>
         <run_address>0x4f1e</run_address>
         <size>0x3c</size>
         <input_file_ref idref="fl-24"/>
      </object_component>
      <object_component id="oc-95">
         <name>.debug_line</name>
         <load_address>0x4f5a</load_address>
         <run_address>0x4f5a</run_address>
         <size>0x69</size>
         <input_file_ref idref="fl-25"/>
      </object_component>
      <object_component id="oc-99">
         <name>.debug_line</name>
         <load_address>0x4fc3</load_address>
         <run_address>0x4fc3</run_address>
         <size>0x44</size>
         <input_file_ref idref="fl-26"/>
      </object_component>
      <object_component id="oc-9d">
         <name>.debug_line</name>
         <load_address>0x5007</load_address>
         <run_address>0x5007</run_address>
         <size>0x37</size>
         <input_file_ref idref="fl-27"/>
      </object_component>
      <object_component id="oc-a3">
         <name>.debug_line</name>
         <load_address>0x503e</load_address>
         <run_address>0x503e</run_address>
         <size>0x57</size>
         <input_file_ref idref="fl-28"/>
      </object_component>
      <object_component id="oc-a9">
         <name>.debug_line</name>
         <load_address>0x5095</load_address>
         <run_address>0x5095</run_address>
         <size>0x328</size>
         <input_file_ref idref="fl-29"/>
      </object_component>
      <object_component id="oc-ad">
         <name>.debug_line</name>
         <load_address>0x53bd</load_address>
         <run_address>0x53bd</run_address>
         <size>0x41</size>
         <input_file_ref idref="fl-2a"/>
      </object_component>
      <object_component id="oc-b1">
         <name>.debug_line</name>
         <load_address>0x53fe</load_address>
         <run_address>0x53fe</run_address>
         <size>0x46</size>
         <input_file_ref idref="fl-2b"/>
      </object_component>
      <object_component id="oc-b5">
         <name>.debug_line</name>
         <load_address>0x5444</load_address>
         <run_address>0x5444</run_address>
         <size>0x55</size>
         <input_file_ref idref="fl-2c"/>
      </object_component>
      <object_component id="oc-b9">
         <name>.debug_line</name>
         <load_address>0x5499</load_address>
         <run_address>0x5499</run_address>
         <size>0xad</size>
         <input_file_ref idref="fl-2d"/>
      </object_component>
      <object_component id="oc-c3">
         <name>.debug_line</name>
         <load_address>0x5546</load_address>
         <run_address>0x5546</run_address>
         <size>0x5b</size>
         <input_file_ref idref="fl-30"/>
      </object_component>
      <object_component id="oc-c7">
         <name>.debug_line</name>
         <load_address>0x55a1</load_address>
         <run_address>0x55a1</run_address>
         <size>0x3d</size>
         <input_file_ref idref="fl-31"/>
      </object_component>
      <object_component id="oc-cb">
         <name>.debug_line</name>
         <load_address>0x55de</load_address>
         <run_address>0x55de</run_address>
         <size>0x3d</size>
         <input_file_ref idref="fl-32"/>
      </object_component>
      <object_component id="oc-d0">
         <name>.debug_line</name>
         <load_address>0x561b</load_address>
         <run_address>0x561b</run_address>
         <size>0x44</size>
         <input_file_ref idref="fl-33"/>
      </object_component>
      <object_component id="oc-d4">
         <name>.debug_line</name>
         <load_address>0x565f</load_address>
         <run_address>0x565f</run_address>
         <size>0x56</size>
         <input_file_ref idref="fl-34"/>
      </object_component>
      <object_component id="oc-d9">
         <name>.debug_line</name>
         <load_address>0x56b5</load_address>
         <run_address>0x56b5</run_address>
         <size>0xa8</size>
         <input_file_ref idref="fl-35"/>
      </object_component>
      <object_component id="oc-dd">
         <name>.debug_line</name>
         <load_address>0x575d</load_address>
         <run_address>0x575d</run_address>
         <size>0x40</size>
         <input_file_ref idref="fl-36"/>
      </object_component>
      <object_component id="oc-e1">
         <name>.debug_line</name>
         <load_address>0x579d</load_address>
         <run_address>0x579d</run_address>
         <size>0x38</size>
         <input_file_ref idref="fl-37"/>
      </object_component>
      <object_component id="oc-e5">
         <name>.debug_line</name>
         <load_address>0x57d5</load_address>
         <run_address>0x57d5</run_address>
         <size>0xa8</size>
         <input_file_ref idref="fl-38"/>
      </object_component>
      <object_component id="oc-eb">
         <name>.debug_line</name>
         <load_address>0x587d</load_address>
         <run_address>0x587d</run_address>
         <size>0x1b0</size>
         <input_file_ref idref="fl-39"/>
      </object_component>
      <object_component id="oc-ef">
         <name>.debug_line</name>
         <load_address>0x5a2d</load_address>
         <run_address>0x5a2d</run_address>
         <size>0x40</size>
         <input_file_ref idref="fl-3a"/>
      </object_component>
      <object_component id="oc-f3">
         <name>.debug_line</name>
         <load_address>0x5a6d</load_address>
         <run_address>0x5a6d</run_address>
         <size>0x3c</size>
         <input_file_ref idref="fl-3b"/>
      </object_component>
      <object_component id="oc-f7">
         <name>.debug_line</name>
         <load_address>0x5aa9</load_address>
         <run_address>0x5aa9</run_address>
         <size>0x4d</size>
         <input_file_ref idref="fl-3c"/>
      </object_component>
      <object_component id="oc-fb">
         <name>.debug_line</name>
         <load_address>0x5af6</load_address>
         <run_address>0x5af6</run_address>
         <size>0x3c</size>
         <input_file_ref idref="fl-3d"/>
      </object_component>
      <object_component id="oc-ff">
         <name>.debug_line</name>
         <load_address>0x5b32</load_address>
         <run_address>0x5b32</run_address>
         <size>0x37</size>
         <input_file_ref idref="fl-3e"/>
      </object_component>
      <object_component id="oc-103">
         <name>.debug_line</name>
         <load_address>0x5b69</load_address>
         <run_address>0x5b69</run_address>
         <size>0x3c</size>
         <input_file_ref idref="fl-3f"/>
      </object_component>
      <object_component id="oc-107">
         <name>.debug_line</name>
         <load_address>0x5ba5</load_address>
         <run_address>0x5ba5</run_address>
         <size>0x37</size>
         <input_file_ref idref="fl-40"/>
      </object_component>
      <object_component id="oc-10c">
         <name>.debug_line</name>
         <load_address>0x5bdc</load_address>
         <run_address>0x5bdc</run_address>
         <size>0x15d</size>
         <input_file_ref idref="fl-41"/>
      </object_component>
      <object_component id="oc-112">
         <name>.debug_line</name>
         <load_address>0x5d39</load_address>
         <run_address>0x5d39</run_address>
         <size>0x6a</size>
         <input_file_ref idref="fl-42"/>
      </object_component>
      <object_component id="oc-116">
         <name>.debug_line</name>
         <load_address>0x5da3</load_address>
         <run_address>0x5da3</run_address>
         <size>0x58</size>
         <input_file_ref idref="fl-43"/>
      </object_component>
      <object_component id="oc-11a">
         <name>.debug_line</name>
         <load_address>0x5dfb</load_address>
         <run_address>0x5dfb</run_address>
         <size>0x57</size>
         <input_file_ref idref="fl-44"/>
      </object_component>
      <object_component id="oc-11e">
         <name>.debug_line</name>
         <load_address>0x5e52</load_address>
         <run_address>0x5e52</run_address>
         <size>0x5c</size>
         <input_file_ref idref="fl-45"/>
      </object_component>
      <object_component id="oc-122">
         <name>.debug_line</name>
         <load_address>0x5eae</load_address>
         <run_address>0x5eae</run_address>
         <size>0x3c</size>
         <input_file_ref idref="fl-46"/>
      </object_component>
      <object_component id="oc-126">
         <name>.debug_line</name>
         <load_address>0x5eea</load_address>
         <run_address>0x5eea</run_address>
         <size>0x5b</size>
         <input_file_ref idref="fl-47"/>
      </object_component>
      <object_component id="oc-12a">
         <name>.debug_line</name>
         <load_address>0x5f45</load_address>
         <run_address>0x5f45</run_address>
         <size>0x3a</size>
         <input_file_ref idref="fl-48"/>
      </object_component>
      <object_component id="oc-12e">
         <name>.debug_line</name>
         <load_address>0x5f7f</load_address>
         <run_address>0x5f7f</run_address>
         <size>0x3c</size>
         <input_file_ref idref="fl-49"/>
      </object_component>
      <object_component id="oc-132">
         <name>.debug_line</name>
         <load_address>0x5fbb</load_address>
         <run_address>0x5fbb</run_address>
         <size>0x3f</size>
         <input_file_ref idref="fl-4a"/>
      </object_component>
      <object_component id="oc-138">
         <name>.debug_line</name>
         <load_address>0x5ffa</load_address>
         <run_address>0x5ffa</run_address>
         <size>0xd7</size>
         <input_file_ref idref="fl-4b"/>
      </object_component>
      <object_component id="oc-13f">
         <name>.debug_line</name>
         <load_address>0x60d1</load_address>
         <run_address>0x60d1</run_address>
         <size>0x112</size>
         <input_file_ref idref="fl-4c"/>
      </object_component>
      <object_component id="oc-143">
[...]
         <name>_I2C_write</name>
         <value>0x21a82</value>
         <object_component_ref idref="oc-75"/>
      </symbol>
      <symbol id="sm-48d">
         <name>_I2C_read</name>
         <value>0x21cc6</value>
         <object_component_ref idref="oc-75"/>
      </symbol>
      <symbol id="sm-48e">
         <name>_I2C_eventDisable</name>
         <value>0x22018</value>
         <object_component_ref idref="oc-75"/>
      </symbol>
      <symbol id="sm-48f">
         <name>_I2C_getEventId</name>
         <value>0x221c4</value>
         <object_component_ref idref="oc-75"/>
      </symbol>
      <symbol id="sm-490">
         <name>_i2cHandle</name>
         <value>0x6740</value>
         <object_component_ref idref="oc-76"/>
      </symbol>
      <symbol id="sm-4d5">
         <name>_GPIO_write</name>
         <value>0x22dcb</value>
         <object_component_ref idref="oc-7b"/>
      </symbol>
      <symbol id="sm-4d6">
         <name>_GPIO_read</name>
         <value>0x22d48</value>
         <object_component_ref idref="oc-7b"/>
      </symbol>
      <symbol id="sm-4d7">
         <name>_GPIO_close</name>
         <value>0x22c17</value>
         <object_component_ref idref="oc-7b"/>
      </symbol>
      <symbol id="sm-4d8">
         <name>_GPIO_enableInt</name>
         <value>0x23034</value>
         <object_component_ref idref="oc-7b"/>
      </symbol>
      <symbol id="sm-4d9">
         <name>_GPIO_clearInt</name>
         <value>0x230be</value>
         <object_component_ref idref="oc-7b"/>
      </symbol>
      <symbol id="sm-4da">
         <name>_GPIO_statusBit</name>
         <value>0x2314a</value>
         <object_component_ref idref="oc-7b"/>
      </symbol>
      <symbol id="sm-4db">
         <name>_GPIO_configBit</name>
         <value>0x22e6e</value>
         <object_component_ref idref="oc-7b"/>
      </symbol>
      <symbol id="sm-4dc">
         <name>_GPIO_reset</name>
         <value>0x231d1</value>
         <object_component_ref idref="oc-7b"/>
      </symbol>
      <symbol id="sm-4dd">
         <name>_GPIO_getConfig</name>
         <value>0x22cc0</value>
         <object_component_ref idref="oc-7b"/>
      </symbol>
      <symbol id="sm-4de">
         <name>_GPIO_disableInt</name>
         <value>0x22fb6</value>
         <object_component_ref idref="oc-7b"/>
      </symbol>
      <symbol id="sm-4df">
         <name>_GPIO_config</name>
         <value>0x22c3b</value>
         <object_component_ref idref="oc-7b"/>
      </symbol>
      <symbol id="sm-4e0">
         <name>_GPIO_open</name>
         <value>0x22bd3</value>
         <object_component_ref idref="oc-7b"/>
      </symbol>
      <symbol id="sm-4ec">
         <name>__sysstack</name>
         <value>0x20c0</value>
         <object_component_ref idref="oc-149"/>
      </symbol>
      <symbol id="sm-4ed">
         <name>_c_int00</name>
         <value>0x27ca5</value>
         <object_component_ref idref="oc-10"/>
      </symbol>
      <symbol id="sm-4ee">
         <name>__stack</name>
         <value>0xc0</value>
         <object_component_ref idref="oc-80"/>
      </symbol>
      <symbol id="sm-4f9">
         <name>__divul</name>
         <value>0x272c0</value>
         <object_component_ref idref="oc-84"/>
      </symbol>
      <symbol id="sm-509">
         <name>C$$EXIT</name>
         <value>0x27dbe</value>
         <object_component_ref idref="oc-8c"/>
      </symbol>
      <symbol id="sm-50a">
         <name>_exit</name>
         <value>0x27c67</value>
         <object_component_ref idref="oc-88"/>
      </symbol>
      <symbol id="sm-50b">
         <name>_abort</name>
         <value>0x27dbd</value>
         <object_component_ref idref="oc-8c"/>
      </symbol>
      <symbol id="sm-50c">
         <name>__cleanup_ptr</name>
         <value>0x6760</value>
         <object_component_ref idref="oc-89"/>
      </symbol>
      <symbol id="sm-50d">
         <name>__dtors_ptr</name>
         <value>0x6764</value>
         <object_component_ref idref="oc-89"/>
      </symbol>
      <symbol id="sm-515">
         <name>__mpyli</name>
         <value>0x27d7e</value>
         <object_component_ref idref="oc-8f"/>
      </symbol>
      <symbol id="sm-516">
         <name>I$$LMPY</name>
         <value>0x27d7e</value>
         <object_component_ref idref="oc-8f"/>
      </symbol>
      <symbol id="sm-520">
         <name>_printf</name>
         <value>0x27aad</value>
         <object_component_ref idref="oc-93"/>
      </symbol>
      <symbol id="sm-52b">
         <name>__remul</name>
         <value>0x27770</value>
         <object_component_ref idref="oc-97"/>
      </symbol>
      <symbol id="sm-535">
         <name>_Reset</name>
         <value>0x4ff00</value>
         <object_component_ref idref="oc-11"/>
      </symbol>
      <symbol id="sm-543">
         <name>__unlock</name>
         <value>0x675c</value>
         <object_component_ref idref="oc-a0"/>
      </symbol>
      <symbol id="sm-544">
         <name>__lock</name>
         <value>0x6758</value>
         <object_component_ref idref="oc-a0"/>
      </symbol>
      <symbol id="sm-545">
         <name>__register_lock</name>
         <value>0x27d99</value>
         <object_component_ref idref="oc-9f"/>
      </symbol>
      <symbol id="sm-546">
         <name>__nop</name>
         <value>0x27da1</value>
         <object_component_ref idref="oc-9f"/>
      </symbol>
      <symbol id="sm-547">
         <name>__register_unlock</name>
         <value>0x27d91</value>
         <object_component_ref idref="oc-9f"/>
      </symbol>
      <symbol id="sm-559">
         <name>__printfi</name>
         <value>0x21362</value>
         <object_component_ref idref="oc-a5"/>
      </symbol>
      <symbol id="sm-563">
         <name>__args_main</name>
         <value>0x27b4a</value>
         <object_component_ref idref="oc-ab"/>
      </symbol>
      <symbol id="sm-564">
         <name>__TI_args_main</name>
         <value>0x1</value>
      </symbol>
      <symbol id="sm-56e">
         <name>_atoi</name>
         <value>0x279fd</value>
         <object_component_ref idref="oc-af"/>
      </symbol>
      <symbol id="sm-576">
         <name>_auto_init</name>
         <value>0x27afd</value>
         <object_component_ref idref="oc-b3"/>
      </symbol>
      <symbol id="sm-580">
         <name>__eqld</name>
         <value>0x264cf</value>
         <object_component_ref idref="oc-b7"/>
      </symbol>
      <symbol id="sm-581">
         <name>__cmpd</name>
         <value>0x26503</value>
         <object_component_ref idref="oc-b7"/>
      </symbol>
      <symbol id="sm-582">
         <name>__neqd</name>
         <value>0x26371</value>
         <object_component_ref idref="oc-b7"/>
      </symbol>
      <symbol id="sm-583">
         <name>__gtrd</name>
         <value>0x2643a</value>
         <object_component_ref idref="oc-b7"/>
      </symbol>
      <symbol id="sm-584">
         <name>__geqd</name>
         <value>0x26485</value>
         <object_component_ref idref="oc-b7"/>
      </symbol>
      <symbol id="sm-585">
         <name>__leqd</name>
         <value>0x263ed</value>
         <object_component_ref idref="oc-b7"/>
      </symbol>
      <symbol id="sm-586">
         <name>__lssd</name>
         <value>0x263a5</value>
         <object_component_ref idref="oc-b7"/>
      </symbol>
      <symbol id="sm-58e">
         <name>__ctypes_</name>
         <value>0x72e8</value>
         <object_component_ref idref="oc-14c"/>
      </symbol>
      <symbol id="sm-598">
         <name>__tmpnams</name>
         <value>0x5ff8</value>
         <object_component_ref idref="oc-bd"/>
      </symbol>
      <symbol id="sm-599">
         <name>__ft_end</name>
         <value>0x6138</value>
         <object_component_ref idref="oc-bd"/>
      </symbol>
      <symbol id="sm-59a">
         <name>__ftable</name>
         <value>0x5f08</value>
         <object_component_ref idref="oc-bd"/>
      </symbol>
      <symbol id="sm-5a6">
         <name>__divd</name>
         <value>0x25281</value>
         <object_component_ref idref="oc-c1"/>
      </symbol>
      <symbol id="sm-5b0">
         <name>__fixdi</name>
         <value>0x27cd9</value>
         <object_component_ref idref="oc-c5"/>
      </symbol>
      <symbol id="sm-5ba">
         <name>__fixdli</name>
         <value>0x277e2</value>
         <object_component_ref idref="oc-c9"/>
      </symbol>
      <symbol id="sm-5c6">
         <name>__fltlid</name>
         <value>0x27996</value>
         <object_component_ref idref="oc-cd"/>
      </symbol>
      <symbol id="sm-5d0">
         <name>_putchar</name>
         <value>0x272b1</value>
         <object_component_ref idref="oc-d2"/>
      </symbol>
      <symbol id="sm-5d1">
         <name>_putc</name>
         <value>0x2721a</value>
         <object_component_ref idref="oc-d2"/>
      </symbol>
      <symbol id="sm-5d2">
         <name>_fputc</name>
         <value>0x2721a</value>
         <object_component_ref idref="oc-d2"/>
      </symbol>
      <symbol id="sm-5e0">
         <name>_puts</name>
         <value>0x269f5</value>
         <object_component_ref idref="oc-d6"/>
      </symbol>
      <symbol id="sm-5e1">
         <name>_fputs</name>
         <value>0x268c0</value>
         <object_component_ref idref="oc-d6"/>
      </symbol>
      <symbol id="sm-5eb">
         <name>__frcmpyd_div</name>
         <value>0x276fd</value>
         <object_component_ref idref="oc-db"/>
      </symbol>
      <symbol id="sm-5f5">
         <name>___isinf</name>
         <value>0x27d50</value>
         <object_component_ref idref="oc-df"/>
      </symbol>
      <symbol id="sm-5ff">
         <name>__divull</name>
         <value>0x25fee</value>
         <object_component_ref idref="oc-e3"/>
      </symbol>
      <symbol id="sm-600">
         <name>__mpylli</name>
         <value>0x25f36</value>
         <object_component_ref idref="oc-e3"/>
      </symbol>
      <symbol id="sm-601">
         <name>__remlli</name>
         <value>0x25f07</value>
         <object_component_ref idref="oc-e3"/>
      </symbol>
      <symbol id="sm-602">
         <name>__divlli</name>
         <value>0x260e2</value>
         <object_component_ref idref="oc-e3"/>
      </symbol>
      <symbol id="sm-603">
         <name>__remull</name>
         <value>0x25eb9</value>
         <object_component_ref idref="oc-e3"/>
      </symbol>
      <symbol id="sm-615">
         <name>_add_device</name>
         <value>0x247b4</value>
         <object_component_ref idref="oc-e7"/>
      </symbol>
      <symbol id="sm-616">
         <name>_rename</name>
         <value>0x244d6</value>
         <object_component_ref idref="oc-e7"/>
      </symbol>
      <symbol id="sm-617">
         <name>_read</name>
         <value>0x24565</value>
         <object_component_ref idref="oc-e7"/>
      </symbol>
      <symbol id="sm-618">
         <name>_unlink</name>
         <value>0x244a3</value>
         <object_component_ref idref="oc-e7"/>
      </symbol>
      <symbol id="sm-619">
         <name>_remove_device</name>
         <value>0x2452f</value>
         <object_component_ref idref="oc-e7"/>
      </symbol>
      <symbol id="sm-61a">
         <name>_open</name>
         <value>0x24613</value>
         <object_component_ref idref="oc-e7"/>
      </symbol>
      <symbol id="sm-61b">
         <name>_find_registered_device</name>
         <value>0x24738</value>
         <object_component_ref idref="oc-e7"/>
      </symbol>
      <symbol id="sm-61c">
         <name>_lseek</name>
         <value>0x246d2</value>
         <object_component_ref idref="oc-e7"/>
      </symbol>
      <symbol id="sm-61d">
         <name>_close</name>
         <value>0x24741</value>
         <object_component_ref idref="oc-e7"/>
      </symbol>
      <symbol id="sm-61e">
         <name>_write</name>
         <value>0x24361</value>
         <object_component_ref idref="oc-e7"/>
      </symbol>
      <symbol id="sm-628">
         <name>_ltoa</name>
         <value>0x2758f</value>
         <object_component_ref idref="oc-ed"/>
      </symbol>
      <symbol id="sm-633">
         <name>_memccpy</name>
         <value>0x27d2d</value>
         <object_component_ref idref="oc-f1"/>
      </symbol>
      <symbol id="sm-63b">
         <name>_memcpy</name>
         <value>0x27c28</value>
         <object_component_ref idref="oc-f5"/>
      </symbol>
      <symbol id="sm-645">
         <name>__mpyd</name>
         <value>0x26a23</value>
         <object_component_ref idref="oc-f9"/>
      </symbol>
      <symbol id="sm-64f">
         <name>__negd</name>
         <value>0x27da3</value>
         <object_component_ref idref="oc-fd"/>
      </symbol>
      <symbol id="sm-659">
         <name>__remli</name>
         <value>0x27b95</value>
         <object_component_ref idref="oc-101"/>
      </symbol>
      <symbol id="sm-663">
         <name>__subd</name>
         <value>0x27d6a</value>
         <object_component_ref idref="oc-105"/>
      </symbol>
      <symbol id="sm-66f">
         <name>_HOSTopen</name>
         <value>0x24baf</value>
         <object_component_ref idref="oc-109"/>
      </symbol>
      <symbol id="sm-670">
         <name>_HOSTread</name>
         <value>0x24b22</value>
         <object_component_ref idref="oc-109"/>
      </symbol>
      <symbol id="sm-671">
         <name>_HOSTtime</name>
         <value>0x24a16</value>
         <object_component_ref idref="oc-109"/>
      </symbol>
      <symbol id="sm-672">
         <name>_getenv</name>
         <value>0x248a4</value>
         <object_component_ref idref="oc-109"/>
      </symbol>
      <symbol id="sm-673">
         <name>_HOSTrename</name>
         <value>0x24a74</value>
         <object_component_ref idref="oc-109"/>
      </symbol>
      <symbol id="sm-674">
         <name>_HOSTclock</name>
         <value>0x24d6e</value>
         <object_component_ref idref="oc-109"/>
      </symbol>
      <symbol id="sm-675">
         <name>_HOSTwrite</name>
         <value>0x2491f</value>
         <object_component_ref idref="oc-109"/>
      </symbol>
      <symbol id="sm-676">
         <name>_HOSTlseek</name>
         <value>0x24c4e</value>
         <object_component_ref idref="oc-109"/>
      </symbol>
      <symbol id="sm-677">
         <name>_HOSTunlink</name>
         <value>0x249ac</value>
         <object_component_ref idref="oc-109"/>
      </symbol>
      <symbol id="sm-678">
         <name>_HOSTclose</name>
         <value>0x24d03</value>
         <object_component_ref idref="oc-109"/>
      </symbol>
      <symbol id="sm-68a">
         <name>C$$IO$$</name>
         <value>0x27215</value>
         <object_component_ref idref="oc-111"/>
      </symbol>
      <symbol id="sm-68b">
         <name>__CIOBUF_</name>
         <value>0x40340</value>
         <object_component_ref idref="oc-110"/>
      </symbol>
      <symbol id="sm-68c">
         <name>_readmsg</name>
         <value>0x278be</value>
         <object_component_ref idref="oc-10e"/>
      </symbol>
      <symbol id="sm-68d">
         <name>_writemsg</name>
         <value>0x27160</value>
         <object_component_ref idref="oc-111"/>
      </symbol>
      <symbol id="sm-695">
         <name>__remu</name>
         <value>0x27d18</value>
         <object_component_ref idref="oc-114"/>
      </symbol>
      <symbol id="sm-696">
         <name>__divu</name>
         <value>0x27d03</value>
         <object_component_ref idref="oc-114"/>
      </symbol>
      <symbol id="sm-697">
         <name>I$$UMOD</name>
         <value>0x27d18</value>
         <object_component_ref idref="oc-114"/>
      </symbol>
      <symbol id="sm-698">
         <name>I$$UDIV</name>
         <value>0x27d03</value>
         <object_component_ref idref="oc-114"/>
      </symbol>
      <symbol id="sm-6a2">
         <name>__rd_ok</name>
         <value>0x26ddc</value>
         <object_component_ref idref="oc-118"/>
      </symbol>
      <symbol id="sm-6a3">
         <name>__wrt_ok</name>
         <value>0x26d5c</value>
         <object_component_ref idref="oc-118"/>
      </symbol>
      <symbol id="sm-6ad">
         <name>__addd</name>
         <value>0x26117</value>
         <object_component_ref idref="oc-11c"/>
      </symbol>
      <symbol id="sm-6b7">
         <name>__divli</name>
         <value>0x27be0</value>
         <object_component_ref idref="oc-120"/>
      </symbol>
      <symbol id="sm-6c1">
         <name>__doflush</name>
         <value>0x2709e</value>
         <object_component_ref idref="oc-124"/>
      </symbol>
      <symbol id="sm-6c2">
         <name>_fflush</name>
         <value>0x27107</value>
         <object_component_ref idref="oc-124"/>
      </symbol>
      <symbol id="sm-6cc">
         <name>__frcmpyd</name>
         <value>0x27687</value>
         <object_component_ref idref="oc-128"/>
      </symbol>
      <symbol id="sm-6d6">
         <name>_fseek</name>
         <value>0x2792b</value>
         <object_component_ref idref="oc-12c"/>
      </symbol>
      <symbol id="sm-6e0">
         <name>_setvbuf</name>
         <value>0x26c76</value>
         <object_component_ref idref="oc-130"/>
      </symbol>
      <symbol id="sm-6ef">
         <name>__cleanup</name>
         <value>0x25d5b</value>
         <object_component_ref idref="oc-134"/>
      </symbol>
      <symbol id="sm-6f0">
         <name>_fopen</name>
         <value>0x25e7e</value>
         <object_component_ref idref="oc-134"/>
      </symbol>
      <symbol id="sm-6f1">
         <name>_freopen</name>
         <value>0x25db5</value>
         <object_component_ref idref="oc-134"/>
      </symbol>
      <symbol id="sm-701">
         <name>__sys_memory</name>
         <value>0x30c0</value>
         <object_component_ref idref="oc-13e"/>
      </symbol>
      <symbol id="sm-702">
         <name>_chkheap</name>
         <value>0x25253</value>
         <object_component_ref idref="oc-13a"/>
      </symbol>
      <symbol id="sm-703">
         <name>_realloc</name>
         <value>0x24ff2</value>
         <object_component_ref idref="oc-13a"/>
      </symbol>
      <symbol id="sm-704">
         <name>_free_memory</name>
         <value>0x251fd</value>
         <object_component_ref idref="oc-13a"/>
      </symbol>
      <symbol id="sm-705">
         <name>_max_free</name>
         <value>0x251a3</value>
         <object_component_ref idref="oc-13a"/>
      </symbol>
      <symbol id="sm-706">
         <name>_free</name>
         <value>0x24dcc</value>
         <object_component_ref idref="oc-13a"/>
      </symbol>
      <symbol id="sm-707">
         <name>_calloc</name>
         <value>0x2525b</value>
         <object_component_ref idref="oc-13a"/>
      </symbol>
      <symbol id="sm-708">
         <name>_malloc</name>
         <value>0x24efd</value>
         <object_component_ref idref="oc-13a"/>
      </symbol>
      <symbol id="sm-709">
         <name>_minit</name>
         <value>0x24e98</value>
         <object_component_ref idref="oc-13a"/>
      </symbol>
      <symbol id="sm-713">
         <name>_fclose</name>
         <value>0x2760c</value>
         <object_component_ref idref="oc-141"/>
      </symbol>
      <symbol id="sm-71d">
         <name>_remove</name>
         <value>0x27db3</value>
         <object_component_ref idref="oc-145"/>
      </symbol>
   </symbol_table>
</link_info>
